Archive member included to satisfy reference by file (symbol)

c:/users/pc103/.platformio/packages/toolchain-gccarmnoneeabi/bin/../lib/gcc/arm-none-eabi/7.2.1/../../../../arm-none-eabi/lib/thumb/v7e-m/fpv4-sp/hard\libc_nano.a(lib_a-vsnprintf.o)
                              .pio\build\nucleo_f446re\src\usart2.o (vsnprintf)
c:/users/pc103/.platformio/packages/toolchain-gccarmnoneeabi/bin/../lib/gcc/arm-none-eabi/7.2.1/../../../../arm-none-eabi/lib/thumb/v7e-m/fpv4-sp/hard\libc_nano.a(lib_a-impure.o)
                              c:/users/pc103/.platformio/packages/toolchain-gccarmnoneeabi/bin/../lib/gcc/arm-none-eabi/7.2.1/../../../../arm-none-eabi/lib/thumb/v7e-m/fpv4-sp/hard\libc_nano.a(lib_a-vsnprintf.o) (_impure_ptr)
c:/users/pc103/.platformio/packages/toolchain-gccarmnoneeabi/bin/../lib/gcc/arm-none-eabi/7.2.1/../../../../arm-none-eabi/lib/thumb/v7e-m/fpv4-sp/hard\libc_nano.a(lib_a-nano-svfprintf.o)
                              c:/users/pc103/.platformio/packages/toolchain-gccarmnoneeabi/bin/../lib/gcc/arm-none-eabi/7.2.1/../../../../arm-none-eabi/lib/thumb/v7e-m/fpv4-sp/hard\libc_nano.a(lib_a-vsnprintf.o) (_svfprintf_r)
c:/users/pc103/.platformio/packages/toolchain-gccarmnoneeabi/bin/../lib/gcc/arm-none-eabi/7.2.1/../../../../arm-none-eabi/lib/thumb/v7e-m/fpv4-sp/hard\libc_nano.a(lib_a-nano-vfprintf_i.o)
                              c:/users/pc103/.platformio/packages/toolchain-gccarmnoneeabi/bin/../lib/gcc/arm-none-eabi/7.2.1/../../../../arm-none-eabi/lib/thumb/v7e-m/fpv4-sp/hard\libc_nano.a(lib_a-nano-svfprintf.o) (_printf_i)
c:/users/pc103/.platformio/packages/toolchain-gccarmnoneeabi/bin/../lib/gcc/arm-none-eabi/7.2.1/../../../../arm-none-eabi/lib/thumb/v7e-m/fpv4-sp/hard\libc_nano.a(lib_a-memchr.o)
                              c:/users/pc103/.platformio/packages/toolchain-gccarmnoneeabi/bin/../lib/gcc/arm-none-eabi/7.2.1/../../../../arm-none-eabi/lib/thumb/v7e-m/fpv4-sp/hard\libc_nano.a(lib_a-nano-svfprintf.o) (memchr)
c:/users/pc103/.platformio/packages/toolchain-gccarmnoneeabi/bin/../lib/gcc/arm-none-eabi/7.2.1/../../../../arm-none-eabi/lib/thumb/v7e-m/fpv4-sp/hard\libc_nano.a(lib_a-memcpy-stub.o)
                              c:/users/pc103/.platformio/packages/toolchain-gccarmnoneeabi/bin/../lib/gcc/arm-none-eabi/7.2.1/../../../../arm-none-eabi/lib/thumb/v7e-m/fpv4-sp/hard\libc_nano.a(lib_a-nano-svfprintf.o) (memcpy)
c:/users/pc103/.platformio/packages/toolchain-gccarmnoneeabi/bin/../lib/gcc/arm-none-eabi/7.2.1/../../../../arm-none-eabi/lib/thumb/v7e-m/fpv4-sp/hard\libc_nano.a(lib_a-memmove.o)
                              c:/users/pc103/.platformio/packages/toolchain-gccarmnoneeabi/bin/../lib/gcc/arm-none-eabi/7.2.1/../../../../arm-none-eabi/lib/thumb/v7e-m/fpv4-sp/hard\libc_nano.a(lib_a-nano-svfprintf.o) (memmove)
c:/users/pc103/.platformio/packages/toolchain-gccarmnoneeabi/bin/../lib/gcc/arm-none-eabi/7.2.1/../../../../arm-none-eabi/lib/thumb/v7e-m/fpv4-sp/hard\libc_nano.a(lib_a-nano-freer.o)
                              c:/users/pc103/.platformio/packages/toolchain-gccarmnoneeabi/bin/../lib/gcc/arm-none-eabi/7.2.1/../../../../arm-none-eabi/lib/thumb/v7e-m/fpv4-sp/hard\libc_nano.a(lib_a-nano-svfprintf.o) (_free_r)
c:/users/pc103/.platformio/packages/toolchain-gccarmnoneeabi/bin/../lib/gcc/arm-none-eabi/7.2.1/../../../../arm-none-eabi/lib/thumb/v7e-m/fpv4-sp/hard\libc_nano.a(lib_a-nano-mallocr.o)
                              c:/users/pc103/.platformio/packages/toolchain-gccarmnoneeabi/bin/../lib/gcc/arm-none-eabi/7.2.1/../../../../arm-none-eabi/lib/thumb/v7e-m/fpv4-sp/hard\libc_nano.a(lib_a-nano-svfprintf.o) (_malloc_r)
c:/users/pc103/.platformio/packages/toolchain-gccarmnoneeabi/bin/../lib/gcc/arm-none-eabi/7.2.1/../../../../arm-none-eabi/lib/thumb/v7e-m/fpv4-sp/hard\libc_nano.a(lib_a-nano-reallocr.o)
                              c:/users/pc103/.platformio/packages/toolchain-gccarmnoneeabi/bin/../lib/gcc/arm-none-eabi/7.2.1/../../../../arm-none-eabi/lib/thumb/v7e-m/fpv4-sp/hard\libc_nano.a(lib_a-nano-svfprintf.o) (_realloc_r)
c:/users/pc103/.platformio/packages/toolchain-gccarmnoneeabi/bin/../lib/gcc/arm-none-eabi/7.2.1/../../../../arm-none-eabi/lib/thumb/v7e-m/fpv4-sp/hard\libc_nano.a(lib_a-sbrkr.o)
                              c:/users/pc103/.platformio/packages/toolchain-gccarmnoneeabi/bin/../lib/gcc/arm-none-eabi/7.2.1/../../../../arm-none-eabi/lib/thumb/v7e-m/fpv4-sp/hard\libc_nano.a(lib_a-nano-mallocr.o) (_sbrk_r)
c:/users/pc103/.platformio/packages/toolchain-gccarmnoneeabi/bin/../lib/gcc/arm-none-eabi/7.2.1/../../../../arm-none-eabi/lib/thumb/v7e-m/fpv4-sp/hard\libc_nano.a(lib_a-mlock.o)
                              c:/users/pc103/.platformio/packages/toolchain-gccarmnoneeabi/bin/../lib/gcc/arm-none-eabi/7.2.1/../../../../arm-none-eabi/lib/thumb/v7e-m/fpv4-sp/hard\libc_nano.a(lib_a-nano-freer.o) (__malloc_lock)
[...]
Memory Configuration

Name             Origin             Length             Attributes
rom              0x20000000         0x00018000         xr
ram              0x20018000         0x00008000         xrw
*default*        0x00000000         0xffffffff

Linker script and memory map

LOAD .pio\build\nucleo_f446re\src\buzz.o
LOAD .pio\build\nucleo_f446re\src\can2.o
LOAD .pio\build\nucleo_f446re\src\stm32f4-slcan.o
LOAD .pio\build\nucleo_f446re\src\usart2.o
LOAD .pio\build\nucleo_f446re\src\utils.o
START GROUP
LOAD c:/users/pc103/.platformio/packages/toolchain-gccarmnoneeabi/bin/../lib/gcc/arm-none-eabi/7.2.1/../../../../arm-none-eabi/lib/thumb/v7e-m/fpv4-sp/hard\libc_nano.a
LOAD c:/users/pc103/.platformio/packages/toolchain-gccarmnoneeabi/bin/../lib/gcc/arm-none-eabi/7.2.1/thumb/v7e-m/fpv4-sp/hard\libgcc.a
LOAD c:/users/pc103/.platformio/packages/toolchain-gccarmnoneeabi/bin/../lib/gcc/arm-none-eabi/7.2.1/../../../../arm-none-eabi/lib/thumb/v7e-m/fpv4-sp/hard\libm.a
LOAD c:/users/pc103/.platformio/packages/toolchain-gccarmnoneeabi/bin/../lib/gcc/arm-none-eabi/7.2.1/../../../../arm-none-eabi/lib/thumb/v7e-m/fpv4-sp/hard\libstdc++_nano.a
LOAD c:/users/pc103/.platformio/packages/toolchain-gccarmnoneeabi/bin/../lib/gcc/arm-none-eabi/7.2.1/../../../../arm-none-eabi/lib/thumb/v7e-m/fpv4-sp/hard\libnosys.a
LOAD .pio\build\nucleo_f446re\libFrameworkLibOpenCM3.a
END GROUP
START GROUP
LOAD c:/users/pc103/.platformio/packages/toolchain-gccarmnoneeabi/bin/../lib/gcc/arm-none-eabi/7.2.1/thumb/v7e-m/fpv4-sp/hard\libgcc.a
LOAD c:/users/pc103/.platformio/packages/toolchain-gccarmnoneeabi/bin/../lib/gcc/arm-none-eabi/7.2.1/../../../../arm-none-eabi/lib/thumb/v7e-m/fpv4-sp/hard\libg_nano.a
LOAD c:/users/pc103/.platformio/packages/toolchain-gccarmnoneeabi/bin/../lib/gcc/arm-none-eabi/7.2.1/../../../../arm-none-eabi/lib/thumb/v7e-m/fpv4-sp/hard\libc_nano.a
END GROUP
START GROUP
LOAD c:/users/pc103/.platformio/packages/toolchain-gccarmnoneeabi/bin/../lib/gcc/arm-none-eabi/7.2.1/thumb/v7e-m/fpv4-sp/hard\libgcc.a
LOAD c:/users/pc103/.platformio/packages/toolchain-gccarmnoneeabi/bin/../lib/gcc/arm-none-eabi/7.2.1/../../../../arm-none-eabi/lib/thumb/v7e-m/fpv4-sp/hard\libc_nano.a
LOAD c:/users/pc103/.platformio/packages/toolchain-gccarmnoneeabi/bin/../lib/gcc/arm-none-eabi/7.2.1/../../../../arm-none-eabi/lib/thumb/v7e-m/fpv4-sp/hard\libnosys.a
END GROUP
START GROUP
LOAD c:/users/pc103/.platformio/packages/toolchain-gccarmnoneeabi/bin/../lib/gcc/arm-none-eabi/7.2.1/thumb/v7e-m/fpv4-sp/hard\libgcc.a
LOAD c:/users/pc103/.platformio/packages/toolchain-gccarmnoneeabi/bin/../lib/gcc/arm-none-eabi/7.2.1/../../../../arm-none-eabi/lib/thumb/v7e-m/fpv4-sp/hard\libc_nano.a
LOAD c:/users/pc103/.platformio/packages/toolchain-gccarmnoneeabi/bin/../lib/gcc/arm-none-eabi/7.2.1/../../../../arm-none-eabi/lib/thumb/v7e-m/fpv4-sp/hard\libnosys.a
END GROUP

.text           0x20000000     0x1ba4
 *(.vectors)
 .vectors       0x20000000      0x1ac .pio\build\nucleo_f446re\libFrameworkLibOpenCM3.a(vector.o)
                0x20000000                vector_table
 *(.text*)
 .text.init_buzzer
                0x200001ac      0x104 .pio\build\nucleo_f446re\src\buzz.o
                0x200001ac                init_buzzer
 .text.can_speed
                0x200002b0      0x1a8 .pio\build\nucleo_f446re\src\can2.o
                0x200002b0                can_speed
 .text.can_setup
                0x20000458       0xf0 .pio\build\nucleo_f446re\src\can2.o
                0x20000458                can_setup
 .text.put_hex  0x20000548       0x22 .pio\build\nucleo_f446re\src\stm32f4-slcan.o
 *fill*         0x2000056a        0x2 
 .text.gpio_setup
                0x2000056c       0x60 .pio\build\nucleo_f446re\src\stm32f4-slcan.o
 .text.systick_setup
                0x200005cc       0x1c .pio\build\nucleo_f446re\src\stm32f4-slcan.o
 .text.get_nibbles
                0x200005e8       0x20 .pio\build\nucleo_f446re\src\stm32f4-slcan.o
 .text.slcan_command
                0x20000608      0x144 .pio\build\nucleo_f446re\src\stm32f4-slcan.o
 .text.sys_tick_handler
                0x2000074c       0x34 .pio\build\nucleo_f446re\src\stm32f4-slcan.o
                0x2000074c                sys_tick_handler
 .text.wait1ms  0x20000780       0x14 .pio\build\nucleo_f446re\src\stm32f4-slcan.o
                0x20000780                wait1ms
 .text.can2_rx1_isr
                0x20000794       0x4c .pio\build\nucleo_f446re\src\stm32f4-slcan.o
                0x20000794                can2_rx1_isr
 .text.can2_rx0_isr
                0x200007e0       0xe8 .pio\build\nucleo_f446re\src\stm32f4-slcan.o
                0x200007e0                can2_rx0_isr
 .text.main     0x200008c8       0x80 .pio\build\nucleo_f446re\src\stm32f4-slcan.o
                0x200008c8                main
 .text._incp_rx
                0x20000948       0x14 .pio\build\nucleo_f446re\src\usart2.o
 .text._push_rx
                0x2000095c       0x3c .pio\build\nucleo_f446re\src\usart2.o
 .text._pop_rx  0x20000998       0x38 .pio\build\nucleo_f446re\src\usart2.o
 .text._incp_tx
                0x200009d0       0x14 .pio\build\nucleo_f446re\src\usart2.o
 .text._pop_tx  0x200009e4       0x38 .pio\build\nucleo_f446re\src\usart2.o
 .text._1byte_  0x20000a1c       0x10 .pio\build\nucleo_f446re\src\usart2.o
 .text._push_tx
                0x20000a2c       0x40 .pio\build\nucleo_f446re\src\usart2.o
 .text.intr_USART2_rx
                0x20000a6c       0x38 .pio\build\nucleo_f446re\src\usart2.o
                0x20000a6c                intr_USART2_rx
 .text.intr_USART2_tx
                0x20000aa4       0x2c .pio\build\nucleo_f446re\src\usart2.o
                0x20000aa4                intr_USART2_tx
 .text.usart2_isr
                0x20000ad0        0xc .pio\build\nucleo_f446re\src\usart2.o
                0x20000ad0                usart2_isr
 .text.getcSIO2
                0x20000adc       0x20 .pio\build\nucleo_f446re\src\usart2.o
                0x20000adc                getcSIO2
 .text.getcSIO2b
                0x20000afc       0x10 .pio\build\nucleo_f446re\src\usart2.o
                0x20000afc                getcSIO2b
 .text.putcSIO2
                0x20000b0c        0x8 .pio\build\nucleo_f446re\src\usart2.o
                0x20000b0c                putcSIO2
 .text.init_usart2
                0x20000b14       0xc4 .pio\build\nucleo_f446re\src\usart2.o
                0x20000b14                init_usart2
 .text.bin2hex  0x20000bd8       0x24 .pio\build\nucleo_f446re\src\utils.o
                0x20000bd8                bin2hex
 .text.nibble2bin
                0x20000bfc       0x26 .pio\build\nucleo_f446re\src\utils.o
                0x20000bfc                nibble2bin
 *fill*         0x20000c22        0x2 
 .text.can_reset
                0x20000c24       0x20 .pio\build\nucleo_f446re\libFrameworkLibOpenCM3.a(can.o)
                0x20000c24                can_reset
 .text.can_init
                0x20000c44      0x15a .pio\build\nucleo_f446re\libFrameworkLibOpenCM3.a(can.o)
                0x20000c44                can_init
 *fill*         0x20000d9e        0x2 
 .text.can_filter_init
                0x20000da0       0xa0 .pio\build\nucleo_f446re\libFrameworkLibOpenCM3.a(can.o)
                0x20000da0                can_filter_init
 .text.can_filter_id_mask_32bit_init
                0x20000e40       0x1c .pio\build\nucleo_f446re\libFrameworkLibOpenCM3.a(can.o)
                0x20000e40                can_filter_id_mask_32bit_init
 .text.can_enable_irq
                0x20000e5c        0x8 .pio\build\nucleo_f446re\libFrameworkLibOpenCM3.a(can.o)
                0x20000e5c                can_enable_irq
 .text.can_transmit
                0x20000e64       0xca .pio\build\nucleo_f446re\libFrameworkLibOpenCM3.a(can.o)
                0x20000e64                can_transmit
 .text.can_fifo_release
                0x20000f2e       0x16 .pio\build\nucleo_f446re\libFrameworkLibOpenCM3.a(can.o)
                0x20000f2e                can_fifo_release
 .text.can_receive
                0x20000f44       0xd0 .pio\build\nucleo_f446re\libFrameworkLibOpenCM3.a(can.o)
                0x20000f44                can_receive
 .text.can_available_mailbox
                0x20001014        0xe .pio\build\nucleo_f446re\libFrameworkLibOpenCM3.a(can.o)
                0x20001014                can_available_mailbox
 .text.gpio_set
                0x20001022        0x4 .pio\build\nucleo_f446re\libFrameworkLibOpenCM3.a(gpio_common_all.o)
                0x20001022                gpio_set
 .text.gpio_clear
                0x20001026        0x6 .pio\build\nucleo_f446re\libFrameworkLibOpenCM3.a(gpio_common_all.o)
                0x20001026                gpio_clear
 .text.gpio_toggle
                0x2000102c       0x12 .pio\build\nucleo_f446re\libFrameworkLibOpenCM3.a(gpio_common_all.o)
                0x2000102c                gpio_toggle
 .text.gpio_mode_setup
                0x2000103e       0x46 .pio\build\nucleo_f446re\libFrameworkLibOpenCM3.a(gpio_common_f0234.o)
                0x2000103e                gpio_mode_setup
 .text.gpio_set_output_options
                0x20001084       0x46 .pio\build\nucleo_f446re\libFrameworkLibOpenCM3.a(gpio_common_f0234.o)
                0x20001084                gpio_set_output_options
 .text.gpio_set_af
                0x200010ca       0x64 .pio\build\nucleo_f446re\libFrameworkLibOpenCM3.a(gpio_common_f0234.o)
                0x200010ca                gpio_set_af
 .text.rcc_periph_clock_enable
                0x2000112e       0x1c .pio\build\nucleo_f446re\libFrameworkLibOpenCM3.a(rcc_common_all.o)
                0x2000112e                rcc_periph_clock_enable
 .text.rcc_periph_reset_pulse
                0x2000114a       0x22 .pio\build\nucleo_f446re\libFrameworkLibOpenCM3.a(rcc_common_all.o)
                0x2000114a                rcc_periph_reset_pulse
 .text.rcc_is_osc_ready
                0x2000116c       0x68 .pio\build\nucleo_f446re\libFrameworkLibOpenCM3.a(rcc.o)
                0x2000116c                rcc_is_osc_ready
 .text.rcc_wait_for_osc_ready
                0x200011d4       0x10 .pio\build\nucleo_f446re\libFrameworkLibOpenCM3.a(rcc.o)
                0x200011d4                rcc_wait_for_osc_ready
 .text.rcc_wait_for_sysclk_status
                0x200011e4       0x38 .pio\build\nucleo_f446re\libFrameworkLibOpenCM3.a(rcc.o)
                0x200011e4                rcc_wait_for_sysclk_status
 .text.rcc_osc_on
                0x2000121c       0x70 .pio\build\nucleo_f446re\libFrameworkLibOpenCM3.a(rcc.o)
                0x2000121c                rcc_osc_on
 .text.rcc_osc_off
                0x2000128c       0x70 .pio\build\nucleo_f446re\libFrameworkLibOpenCM3.a(rcc.o)
                0x2000128c                rcc_osc_off
 .text.rcc_set_sysclk_source
                0x200012fc       0x14 .pio\build\nucleo_f446re\libFrameworkLibOpenCM3.a(rcc.o)
                0x200012fc                rcc_set_sysclk_source
 .text.rcc_set_ppre2
                0x20001310       0x14 .pio\build\nucleo_f446re\libFrameworkLibOpenCM3.a(rcc.o)
                0x20001310                rcc_set_ppre2
 .text.rcc_set_ppre1
                0x20001324       0x14 .pio\build\nucleo_f446re\libFrameworkLibOpenCM3.a(rcc.o)
                0x20001324                rcc_set_ppre1
 .text.rcc_set_hpre
                0x20001338       0x14 .pio\build\nucleo_f446re\libFrameworkLibOpenCM3.a(rcc.o)
                0x20001338                rcc_set_hpre
 .text.rcc_set_main_pll_hsi
                0x2000134c       0x44 .pio\build\nucleo_f446re\libFrameworkLibOpenCM3.a(rcc.o)
                0x2000134c                rcc_set_main_pll_hsi
 .text.rcc_set_main_pll_hse
                0x20001390       0x48 .pio\build\nucleo_f446re\libFrameworkLibOpenCM3.a(rcc.o)
                0x20001390                rcc_set_main_pll_hse
 .text.rcc_clock_setup_pll
                0x200013d8       0xec .pio\build\nucleo_f446re\libFrameworkLibOpenCM3.a(rcc.o)
                0x200013d8                rcc_clock_setup_pll
 .text.timer_set_mode
                0x200014c4       0x16 .pio\build\nucleo_f446re\libFrameworkLibOpenCM3.a(timer_common_all.o)
                0x200014c4                timer_set_mode
 .text.timer_set_clock_division
                0x200014da       0x14 .pio\build\nucleo_f446re\libFrameworkLibOpenCM3.a(timer_common_all.o)
                0x200014da                timer_set_clock_division
 .text.timer_enable_preload
                0x200014ee        0xa .pio\build\nucleo_f446re\libFrameworkLibOpenCM3.a(timer_common_all.o)
                0x200014ee                timer_enable_preload
 .text.timer_continuous_mode
                0x200014f8        0xa .pio\build\nucleo_f446re\libFrameworkLibOpenCM3.a(timer_common_all.o)
                0x200014f8                timer_continuous_mode
 .text.timer_enable_counter
                0x20001502        0xa .pio\build\nucleo_f446re\libFrameworkLibOpenCM3.a(timer_common_all.o)
                0x20001502                timer_enable_counter
 .text.timer_set_prescaler
                0x2000150c        0x4 .pio\build\nucleo_f446re\libFrameworkLibOpenCM3.a(timer_common_all.o)
                0x2000150c                timer_set_prescaler
 .text.timer_set_period
                0x20001510        0x4 .pio\build\nucleo_f446re\libFrameworkLibOpenCM3.a(timer_common_all.o)
                0x20001510                timer_set_period
 .text.timer_enable_oc_clear
                0x20001514       0x38 .pio\build\nucleo_f446re\libFrameworkLibOpenCM3.a(timer_common_all.o)
                0x20001514                timer_enable_oc_clear
 .text.timer_disable_oc_clear
                0x2000154c       0x38 .pio\build\nucleo_f446re\libFrameworkLibOpenCM3.a(timer_common_all.o)
                0x2000154c                timer_disable_oc_clear
 .text.timer_set_oc_fast_mode
                0x20001584       0x38 .pio\build\nucleo_f446re\libFrameworkLibOpenCM3.a(timer_common_all.o)
                0x20001584                timer_set_oc_fast_mode
 .text.timer_set_oc_mode
                0x200015bc      0x1dc .pio\build\nucleo_f446re\libFrameworkLibOpenCM3.a(timer_common_all.o)
                0x200015bc                timer_set_oc_mode
 .text.timer_enable_oc_preload
                0x20001798       0x38 .pio\build\nucleo_f446re\libFrameworkLibOpenCM3.a(timer_common_all.o)
                0x20001798                timer_enable_oc_preload
 .text.timer_set_oc_polarity_high
                0x200017d0       0x56 .pio\build\nucleo_f446re\libFrameworkLibOpenCM3.a(timer_common_all.o)
                0x200017d0                timer_set_oc_polarity_high
 .text.timer_enable_oc_output
                0x20001826       0x56 .pio\build\nucleo_f446re\libFrameworkLibOpenCM3.a(timer_common_all.o)
                0x20001826                timer_enable_oc_output
 .text.timer_disable_oc_output
                0x2000187c       0x56 .pio\build\nucleo_f446re\libFrameworkLibOpenCM3.a(timer_common_all.o)
                0x2000187c                timer_disable_oc_output
 .text.timer_set_oc_value
                0x200018d2       0x20 .pio\build\nucleo_f446re\libFrameworkLibOpenCM3.a(timer_common_all.o)
                0x200018d2                timer_set_oc_value
 .text.timer_enable_break_main_output
                0x200018f2        0xa .pio\build\nucleo_f446re\libFrameworkLibOpenCM3.a(timer_common_all.o)
                0x200018f2                timer_enable_break_main_output
 .text.timer_get_counter
                0x200018fc        0x4 .pio\build\nucleo_f446re\libFrameworkLibOpenCM3.a(timer_common_all.o)
                0x200018fc                timer_get_counter
 .text.usart_set_baudrate
                0x20001900       0x30 .pio\build\nucleo_f446re\libFrameworkLibOpenCM3.a(usart_common_all.o)
                0x20001900                usart_set_baudrate
 .text.usart_set_databits
                0x20001930       0x18 .pio\build\nucleo_f446re\libFrameworkLibOpenCM3.a(usart_common_all.o)
                0x20001930                usart_set_databits
 .text.usart_set_stopbits
                0x20001948        0xc .pio\build\nucleo_f446re\libFrameworkLibOpenCM3.a(usart_common_all.o)
                0x20001948                usart_set_stopbits
 .text.usart_set_parity
                0x20001954        0xc .pio\build\nucleo_f446re\libFrameworkLibOpenCM3.a(usart_common_all.o)
                0x20001954                usart_set_parity
 .text.usart_set_mode
                0x20001960        0xc .pio\build\nucleo_f446re\libFrameworkLibOpenCM3.a(usart_common_all.o)
                0x20001960                usart_set_mode
 .text.usart_set_flow_control
                0x2000196c        0xc .pio\build\nucleo_f446re\libFrameworkLibOpenCM3.a(usart_common_all.o)
                0x2000196c                usart_set_flow_control
 .text.usart_enable
                0x20001978        0xa .pio\build\nucleo_f446re\libFrameworkLibOpenCM3.a(usart_common_all.o)
                0x20001978                usart_enable
 .text.usart_enable_rx_interrupt
                0x20001982        0xa .pio\build\nucleo_f446re\libFrameworkLibOpenCM3.a(usart_common_all.o)
                0x20001982                usart_enable_rx_interrupt
 .text.usart_enable_tx_interrupt
                0x2000198c        0xa .pio\build\nucleo_f446re\libFrameworkLibOpenCM3.a(usart_common_all.o)
                0x2000198c                usart_enable_tx_interrupt
 .text.usart_disable_tx_interrupt
                0x20001996        0xa .pio\build\nucleo_f446re\libFrameworkLibOpenCM3.a(usart_common_all.o)
                0x20001996                usart_disable_tx_interrupt
 .text.usart_send
                0x200019a0        0x8 .pio\build\nucleo_f446re\libFrameworkLibOpenCM3.a(usart_common_f124.o)
                0x200019a0                usart_send
 .text.usart_recv
                0x200019a8        0x8 .pio\build\nucleo_f446re\libFrameworkLibOpenCM3.a(usart_common_f124.o)
                0x200019a8                usart_recv
 .text.pre_main
                0x200019b0       0x10 .pio\build\nucleo_f446re\libFrameworkLibOpenCM3.a(vector.o)
 .text.blocking_handler
                0x200019c0        0x2 .pio\build\nucleo_f446re\libFrameworkLibOpenCM3.a(vector.o)
                0x200019c0                dma2_stream1_isr
                0x200019c0                tim8_brk_tim12_isr
                0x200019c0                dma1_stream7_isr
                0x200019c0                usart3_isr
                0x200019c0                tim7_isr
                0x200019c0                dma2d_isr
                0x200019c0                uart8_isr
                0x200019c0                dma1_stream2_isr
                0x200019c0                otg_hs_isr
                0x200019c0                blocking_handler
                0x200019c0                tim5_isr
                0x200019c0                rtc_wkup_isr
                0x200019c0                otg_fs_isr
                0x200019c0                spi1_isr
                0x200019c0                i2c3_er_isr
                0x200019c0                exti2_isr
                0x200019c0                spi5_isr
                0x200019c0                usb_fs_wkup_isr
                0x200019c0                tamp_stamp_isr
                0x200019c0                can1_rx1_isr
                0x200019c0                dma2_stream0_isr
                0x200019c0                usart1_isr
                0x200019c0                i2c3_ev_isr
                0x200019c0                usage_fault_handler
                0x200019c0                dma1_stream6_isr
                0x200019c0                can1_sce_isr
                0x200019c0                tim1_cc_isr
                0x200019c0                can1_tx_isr
                0x200019c0                tim1_up_tim10_isr
                0x200019c0                sdio_isr
                0x200019c0                eth_isr
                0x200019c0                spi6_isr
                0x200019c0                dma2_stream5_isr
                0x200019c0                pvd_isr
                0x200019c0                can1_rx0_isr
                0x200019c0                rcc_isr
                0x200019c0                dma2_stream3_isr
                0x200019c0                flash_isr
                0x200019c0                uart4_isr
                0x200019c0                lcd_tft_isr
                0x200019c0                rtc_alarm_isr
                0x200019c0                exti15_10_isr
                0x200019c0                hash_rng_isr
                0x200019c0                tim1_trg_com_tim11_isr
                0x200019c0                hard_fault_handler
                0x200019c0                exti1_isr
                0x200019c0                i2c1_ev_isr
                0x200019c0                usart6_isr
                0x200019c0                spi2_isr
                0x200019c0                cryp_isr
                0x200019c0                nvic_wwdg_isr
                0x200019c0                dma1_stream1_isr
                0x200019c0                dma2_stream4_isr
                0x200019c0                exti3_isr
                0x200019c0                tim3_isr
                0x200019c0                sai1_isr
                0x200019c0                fpu_isr
                0x200019c0                dma1_stream4_isr
                0x200019c0                i2c2_er_isr
                0x200019c0                i2c2_ev_isr
                0x200019c0                uart5_isr
                0x200019c0                dma2_stream6_isr
                0x200019c0                spi4_isr
                0x200019c0                adc_isr
                0x200019c0                dma2_stream7_isr
                0x200019c0                tim8_up_tim13_isr
                0x200019c0                fsmc_isr
                0x200019c0                exti4_isr
                0x200019c0                tim6_dac_isr
                0x200019c0                dma1_stream3_isr
                0x200019c0                tim8_trg_com_tim14_isr
                0x200019c0                mem_manage_handler
                0x200019c0                lcd_tft_err_isr
                0x200019c0                can2_tx_isr
                0x200019c0                exti9_5_isr
                0x200019c0                tim1_brk_tim9_isr
                0x200019c0                uart7_isr
                0x200019c0                can2_sce_isr
                0x200019c0                tim4_isr
                0x200019c0                otg_hs_wkup_isr
                0x200019c0                i2c1_er_isr
                0x200019c0                dma1_stream0_isr
                0x200019c0                tim8_cc_isr
                0x200019c0                dcmi_isr
                0x200019c0                dma2_stream2_isr
                0x200019c0                eth_wkup_isr
                0x200019c0                bus_fault_handler
                0x200019c0                otg_hs_ep1_out_isr
                0x200019c0                spi3_isr
                0x200019c0                dma1_stream5_isr
                0x200019c0                otg_hs_ep1_in_isr
                0x200019c0                tim2_isr
                0x200019c0                exti0_isr
 .text.null_handler
                0x200019c2        0x2 .pio\build\nucleo_f446re\libFrameworkLibOpenCM3.a(vector.o)
                0x200019c2                sv_call_handler
                0x200019c2                pend_sv_handler
                0x200019c2                debug_monitor_handler
                0x200019c2                nmi_handler
                0x200019c2                null_handler
 .text.reset_handler
                0x200019c4       0x94 .pio\build\nucleo_f446re\libFrameworkLibOpenCM3.a(vector.o)
                0x200019c4                reset_handler
 .text.systick_set_reload
                0x20001a58       0x10 .pio\build\nucleo_f446re\libFrameworkLibOpenCM3.a(systick.o)
                0x20001a58                systick_set_reload
 .text.systick_set_clocksource
                0x20001a68       0x18 .pio\build\nucleo_f446re\libFrameworkLibOpenCM3.a(systick.o)
                0x20001a68                systick_set_clocksource
 .text.systick_interrupt_enable
                0x20001a80       0x10 .pio\build\nucleo_f446re\libFrameworkLibOpenCM3.a(systick.o)
                0x20001a80                systick_interrupt_enable
 .text.systick_counter_enable
                0x20001a90       0x10 .pio\build\nucleo_f446re\libFrameworkLibOpenCM3.a(systick.o)
                0x20001a90                systick_counter_enable
 .text.nvic_enable_irq
                0x20001aa0       0x18 .pio\build\nucleo_f446re\libFrameworkLibOpenCM3.a(nvic.o)
                0x20001aa0                nvic_enable_irq
 .text.nvic_set_priority
                0x20001ab8       0x20 .pio\build\nucleo_f446re\libFrameworkLibOpenCM3.a(nvic.o)
                0x20001ab8                nvic_set_priority
 .text.flash_set_ws
                0x20001ad8       0x14 .pio\build\nucleo_f446re\libFrameworkLibOpenCM3.a(flash_common_all.o)
                0x20001ad8                flash_set_ws
 .text.flash_dcache_enable
                0x20001aec       0x10 .pio\build\nucleo_f446re\libFrameworkLibOpenCM3.a(flash_common_idcache.o)
                0x20001aec                flash_dcache_enable
 .text.flash_dcache_disable
                0x20001afc       0x10 .pio\build\nucleo_f446re\libFrameworkLibOpenCM3.a(flash_common_idcache.o)
                0x20001afc                flash_dcache_disable
 .text.flash_icache_enable
                0x20001b0c       0x10 .pio\build\nucleo_f446re\libFrameworkLibOpenCM3.a(flash_common_idcache.o)
                0x20001b0c                flash_icache_enable
 .text.flash_icache_disable
                0x20001b1c       0x10 .pio\build\nucleo_f446re\libFrameworkLibOpenCM3.a(flash_common_idcache.o)
                0x20001b1c                flash_icache_disable
 .text.pwr_set_vos_scale
                0x20001b2c       0x18 .pio\build\nucleo_f446re\libFrameworkLibOpenCM3.a(pwr.o)
                0x20001b2c                pwr_set_vos_scale
                0x20001b44                . = ALIGN (0x4)
 *(.rodata*)
 .rodata        0x20001b44        0x4 .pio\build\nucleo_f446re\src\can2.o
 .rodata        0x20001b48        0x8 .pio\build\nucleo_f446re\libFrameworkLibOpenCM3.a(can.o)
 .rodata.rcc_hse_8mhz_3v3
                0x20001b50       0x54 .pio\build\nucleo_f446re\libFrameworkLibOpenCM3.a(rcc.o)
                0x20001b50                rcc_hse_8mhz_3v3
                0x20001ba4                . = ALIGN (0x4)

.glue_7         0x20001ba4        0x0
 .glue_7        0x20001ba4        0x0 linker stubs

.glue_7t        0x20001ba4        0x0
 .glue_7t       0x20001ba4        0x0 linker stubs

.vfp11_veneer   0x20001ba4        0x0
 .vfp11_veneer  0x20001ba4        0x0 linker stubs

.v4_bx          0x20001ba4        0x0
 .v4_bx         0x20001ba4        0x0 linker stubs

.iplt           0x20001ba4        0x0
 .iplt          0x20001ba4        0x0 .pio\build\nucleo_f446re\src\buzz.o

.rel.dyn        0x20001ba4        0x0
 .rel.iplt      0x20001ba4        0x0 .pio\build\nucleo_f446re\src\buzz.o

.preinit_array  0x20001ba4        0x0
                0x20001ba4                . = ALIGN (0x4)
                0x20001ba4                __preinit_array_start = .
 *(.preinit_array)
                0x20001ba4                __preinit_array_end = .

.init_array     0x20001ba4        0x0
                0x20001ba4                . = ALIGN (0x4)
                0x20001ba4                __init_array_start = .
 *(SORT_BY_NAME(.init_array.*))
 *(.init_array)
                0x20001ba4                __init_array_end = .

.fini_array     0x20001ba4        0x0
                0x20001ba4                . = ALIGN (0x4)
                0x20001ba4                __fini_array_start = .
 *(.fini_array)
 *(SORT_BY_NAME(.fini_array.*))
                0x20001ba4                __fini_array_end = .

.ARM.extab
 *(.ARM.extab*)

.ARM.exidx      0x20001ba4        0x0
                0x20001ba4                __exidx_start = .
 *(.ARM.exidx*)
                0x20001ba4                __exidx_end = .
                0x20001ba4                . = ALIGN (0x4)
                0x20001ba4                _etext = .

.data           0x20018000        0xc load address 0x20001ba4
                0x20018000                _data = .
 *(.data*)
 .data.rcc_ahb_frequency
                0x20018000        0x4 .pio\build\nucleo_f446re\libFrameworkLibOpenCM3.a(rcc.o)
                0x20018000                rcc_ahb_frequency
 .data.rcc_apb1_frequency
                0x20018004        0x4 .pio\build\nucleo_f446re\libFrameworkLibOpenCM3.a(rcc.o)
                0x20018004                rcc_apb1_frequency
 .data.rcc_apb2_frequency
                0x20018008        0x4 .pio\build\nucleo_f446re\libFrameworkLibOpenCM3.a(rcc.o)
                0x20018008                rcc_apb2_frequency
                0x2001800c                . = ALIGN (0x4)
                0x2001800c                _edata = .
                0x20001ba4                _data_loadaddr = LOADADDR (.data)

.igot.plt       0x2001800c        0x0 load address 0x20001bb0
 .igot.plt      0x2001800c        0x0 .pio\build\nucleo_f446re\src\buzz.o

.bss            0x2001800c     0x4030 load address 0x20001bb0
 *(.bss*)
 .bss.ans       0x2001800c        0x4 .pio\build\nucleo_f446re\src\stm32f4-slcan.o
                0x2001800c                ans
 .bss.commands_pending
                0x20018010        0x1 .pio\build\nucleo_f446re\src\stm32f4-slcan.o
                0x20018010                commands_pending
 .bss.status    0x20018011        0x1 .pio\build\nucleo_f446re\src\stm32f4-slcan.o
                0x20018011                status
 *fill*         0x20018012        0x2 
 .bss.system_millis
                0x20018014        0x4 .pio\build\nucleo_f446re\src\stm32f4-slcan.o
                0x20018014                system_millis
 .bss.RX_BUFF_AREA
                0x20018018     0x2000 .pio\build\nucleo_f446re\src\usart2.o
 .bss.RX_BUFF_SIZE
                0x2001a018        0x4 .pio\build\nucleo_f446re\src\usart2.o
 .bss.TX_BUFF_AREA
                0x2001a01c     0x2000 .pio\build\nucleo_f446re\src\usart2.o
 .bss.TX_BUFF_SIZE
                0x2001c01c        0x4 .pio\build\nucleo_f446re\src\usart2.o
 .bss._RxBuf    0x2001c020        0x4 .pio\build\nucleo_f446re\src\usart2.o
 .bss._RxRp     0x2001c024        0x4 .pio\build\nucleo_f446re\src\usart2.o
 .bss._RxWp     0x2001c028        0x4 .pio\build\nucleo_f446re\src\usart2.o
 .bss._TxBuf    0x2001c02c        0x4 .pio\build\nucleo_f446re\src\usart2.o
 .bss._TxRp     0x2001c030        0x4 .pio\build\nucleo_f446re\src\usart2.o
 .bss._TxWp     0x2001c034        0x4 .pio\build\nucleo_f446re\src\usart2.o
 .bss.sig_break
                0x2001c038        0x4 .pio\build\nucleo_f446re\src\usart2.o
 *(COMMON)
                0x2001c03c                . = ALIGN (0x4)
                0x2001c03c                _ebss = .

/DISCARD/
 *(.eh_frame)
                0x2001c03c                . = ALIGN (0x4)
                0x2001c03c                end = .
                0x20020000                PROVIDE (_stack, (ORIGIN (ram) + LENGTH (ram)))
OUTPUT(.pio\build\nucleo_f446re\firmware.elf elf32-littlearm)

.debug_info     0x00000000     0xaf79
 .debug_info    0x00000000     0x1558 .pio\build\nucleo_f446re\src\buzz.o
 .debug_info    0x00001558     0x154c .pio\build\nucleo_f446re\src\can2.o
 .debug_info    0x00002aa4     0x184b .pio\build\nucleo_f446re\src\stm32f4-slcan.o
 .debug_info    0x000042ef     0x15b6 .pio\build\nucleo_f446re\src\usart2.o
 .debug_info    0x000058a5      0xb38 .pio\build\nucleo_f446re\src\utils.o
 .debug_info    0x000063dd      0xb73 .pio\build\nucleo_f446re\libFrameworkLibOpenCM3.a(can.o)
 .debug_info    0x00006f50      0x212 .pio\build\nucleo_f446re\libFrameworkLibOpenCM3.a(gpio_common_all.o)
 .debug_info    0x00007162      0x1ef .pio\build\nucleo_f446re\libFrameworkLibOpenCM3.a(gpio_common_f0234.o)
 .debug_info    0x00007351      0xa6f .pio\build\nucleo_f446re\libFrameworkLibOpenCM3.a(rcc_common_all.o)
 .debug_info    0x00007dc0      0xddc .pio\build\nucleo_f446re\libFrameworkLibOpenCM3.a(rcc.o)
 .debug_info    0x00008b9c     0x116a .pio\build\nucleo_f446re\libFrameworkLibOpenCM3.a(timer_common_all.o)
 .debug_info    0x00009d06      0x614 .pio\build\nucleo_f446re\libFrameworkLibOpenCM3.a(usart_common_all.o)
 .debug_info    0x0000a31a      0x2ea .pio\build\nucleo_f446re\libFrameworkLibOpenCM3.a(usart_common_f124.o)
 .debug_info    0x0000a604      0x2b6 .pio\build\nucleo_f446re\libFrameworkLibOpenCM3.a(vector.o)
 .debug_info    0x0000a8ba      0x209 .pio\build\nucleo_f446re\libFrameworkLibOpenCM3.a(systick.o)
 .debug_info    0x0000aac3      0x210 .pio\build\nucleo_f446re\libFrameworkLibOpenCM3.a(nvic.o)
 .debug_info    0x0000acd3       0xe8 .pio\build\nucleo_f446re\libFrameworkLibOpenCM3.a(flash_common_all.o)
 .debug_info    0x0000adbb       0xe8 .pio\build\nucleo_f446re\libFrameworkLibOpenCM3.a(flash_common_idcache.o)
 .debug_info    0x0000aea3       0xd6 .pio\build\nucleo_f446re\libFrameworkLibOpenCM3.a(pwr.o)

.debug_abbrev   0x00000000     0x1c2b
 .debug_abbrev  0x00000000      0x253 .pio\build\nucleo_f446re\src\buzz.o
 .debug_abbrev  0x00000253      0x275 .pio\build\nucleo_f446re\src\can2.o
 .debug_abbrev  0x000004c8      0x317 .pio\build\nucleo_f446re\src\stm32f4-slcan.o
 .debug_abbrev  0x000007df      0x301 .pio\build\nucleo_f446re\src\usart2.o
 .debug_abbrev  0x00000ae0      0x21c .pio\build\nucleo_f446re\src\utils.o
 .debug_abbrev  0x00000cfc      0x270 .pio\build\nucleo_f446re\libFrameworkLibOpenCM3.a(can.o)
 .debug_abbrev  0x00000f6c       0xd6 .pio\build\nucleo_f446re\libFrameworkLibOpenCM3.a(gpio_common_all.o)
 .debug_abbrev  0x00001042       0xb4 .pio\build\nucleo_f446re\libFrameworkLibOpenCM3.a(gpio_common_f0234.o)
 .debug_abbrev  0x000010f6      0x126 .pio\build\nucleo_f446re\libFrameworkLibOpenCM3.a(rcc_common_all.o)
 .debug_abbrev  0x0000121c      0x1cd .pio\build\nucleo_f446re\libFrameworkLibOpenCM3.a(rcc.o)
 .debug_abbrev  0x000013e9      0x1aa .pio\build\nucleo_f446re\libFrameworkLibOpenCM3.a(timer_common_all.o)
 .debug_abbrev  0x00001593      0x15c .pio\build\nucleo_f446re\libFrameworkLibOpenCM3.a(usart_common_all.o)
 .debug_abbrev  0x000016ef      0x107 .pio\build\nucleo_f446re\libFrameworkLibOpenCM3.a(usart_common_f124.o)
 .debug_abbrev  0x000017f6      0x12b .pio\build\nucleo_f446re\libFrameworkLibOpenCM3.a(vector.o)
 .debug_abbrev  0x00001921      0x108 .pio\build\nucleo_f446re\libFrameworkLibOpenCM3.a(systick.o)
 .debug_abbrev  0x00001a29       0xa3 .pio\build\nucleo_f446re\libFrameworkLibOpenCM3.a(nvic.o)
 .debug_abbrev  0x00001acc       0x87 .pio\build\nucleo_f446re\libFrameworkLibOpenCM3.a(flash_common_all.o)
 .debug_abbrev  0x00001b53       0x4f .pio\build\nucleo_f446re\libFrameworkLibOpenCM3.a(flash_common_idcache.o)
 .debug_abbrev  0x00001ba2       0x89 .pio\build\nucleo_f446re\libFrameworkLibOpenCM3.a(pwr.o)

.debug_loc      0x00000000     0x23af
 .debug_loc     0x00000000       0x1f .pio\build\nucleo_f446re\src\buzz.o
 .debug_loc     0x0000001f      0x16f .pio\build\nucleo_f446re\src\can2.o
 .debug_loc     0x0000018e      0x461 .pio\build\nucleo_f446re\src\stm32f4-slcan.o
 .debug_loc     0x000005ef      0x18a .pio\build\nucleo_f446re\src\usart2.o
 .debug_loc     0x00000779       0xad .pio\build\nucleo_f446re\src\utils.o
 .debug_loc     0x00000826      0x8e1 .pio\build\nucleo_f446re\libFrameworkLibOpenCM3.a(can.o)
 .debug_loc     0x00001107       0xa5 .pio\build\nucleo_f446re\libFrameworkLibOpenCM3.a(gpio_common_all.o)
 .debug_loc     0x000011ac      0x18a .pio\build\nucleo_f446re\libFrameworkLibOpenCM3.a(gpio_common_f0234.o)
 .debug_loc     0x00001336      0x14a .pio\build\nucleo_f446re\libFrameworkLibOpenCM3.a(rcc_common_all.o)
 .debug_loc     0x00001480      0x581 .pio\build\nucleo_f446re\libFrameworkLibOpenCM3.a(rcc.o)
 .debug_loc     0x00001a01      0x452 .pio\build\nucleo_f446re\libFrameworkLibOpenCM3.a(timer_common_all.o)
 .debug_loc     0x00001e53      0x198 .pio\build\nucleo_f446re\libFrameworkLibOpenCM3.a(usart_common_all.o)
 .debug_loc     0x00001feb       0x63 .pio\build\nucleo_f446re\libFrameworkLibOpenCM3.a(usart_common_f124.o)
 .debug_loc     0x0000204e       0xc7 .pio\build\nucleo_f446re\libFrameworkLibOpenCM3.a(vector.o)
 .debug_loc     0x00002115       0xda .pio\build\nucleo_f446re\libFrameworkLibOpenCM3.a(systick.o)
 .debug_loc     0x000021ef      0x142 .pio\build\nucleo_f446re\libFrameworkLibOpenCM3.a(nvic.o)
 .debug_loc     0x00002331       0x3f .pio\build\nucleo_f446re\libFrameworkLibOpenCM3.a(flash_common_all.o)
 .debug_loc     0x00002370       0x3f .pio\build\nucleo_f446re\libFrameworkLibOpenCM3.a(pwr.o)

.debug_aranges  0x00000000      0x900
 .debug_aranges
                0x00000000       0x28 .pio\build\nucleo_f446re\src\buzz.o
 .debug_aranges
                0x00000028       0x28 .pio\build\nucleo_f446re\src\can2.o
 .debug_aranges
                0x00000050       0x68 .pio\build\nucleo_f446re\src\stm32f4-slcan.o
 .debug_aranges
                0x000000b8       0x98 .pio\build\nucleo_f446re\src\usart2.o
 .debug_aranges
                0x00000150       0x30 .pio\build\nucleo_f446re\src\utils.o
 .debug_aranges
                0x00000180       0x80 .pio\build\nucleo_f446re\libFrameworkLibOpenCM3.a(can.o)
 .debug_aranges
                0x00000200       0x50 .pio\build\nucleo_f446re\libFrameworkLibOpenCM3.a(gpio_common_all.o)
 .debug_aranges
                0x00000250       0x30 .pio\build\nucleo_f446re\libFrameworkLibOpenCM3.a(gpio_common_f0234.o)
 .debug_aranges
                0x00000280       0x78 .pio\build\nucleo_f446re\libFrameworkLibOpenCM3.a(rcc_common_all.o)
 .debug_aranges
                0x000002f8       0xf0 .pio\build\nucleo_f446re\libFrameworkLibOpenCM3.a(rcc.o)
 .debug_aranges
                0x000003e8      0x270 .pio\build\nucleo_f446re\libFrameworkLibOpenCM3.a(timer_common_all.o)
 .debug_aranges
                0x00000658       0xb8 .pio\build\nucleo_f446re\libFrameworkLibOpenCM3.a(usart_common_all.o)
 .debug_aranges
                0x00000710       0x40 .pio\build\nucleo_f446re\libFrameworkLibOpenCM3.a(usart_common_f124.o)
 .debug_aranges
                0x00000750       0x38 .pio\build\nucleo_f446re\libFrameworkLibOpenCM3.a(vector.o)
 .debug_aranges
                0x00000788       0x78 .pio\build\nucleo_f446re\libFrameworkLibOpenCM3.a(systick.o)
 .debug_aranges
                0x00000800       0x60 .pio\build\nucleo_f446re\libFrameworkLibOpenCM3.a(nvic.o)
 .debug_aranges
                0x00000860       0x38 .pio\build\nucleo_f446re\libFrameworkLibOpenCM3.a(flash_common_all.o)
 .debug_aranges
                0x00000898       0x48 .pio\build\nucleo_f446re\libFrameworkLibOpenCM3.a(flash_common_idcache.o)
 .debug_aranges
                0x000008e0       0x20 .pio\build\nucleo_f446re\libFrameworkLibOpenCM3.a(pwr.o)

.debug_ranges   0x00000000      0x7d0
 .debug_ranges  0x00000000       0x18 .pio\build\nucleo_f446re\src\buzz.o
 .debug_ranges  0x00000018       0x18 .pio\build\nucleo_f446re\src\can2.o
 .debug_ranges  0x00000030       0x58 .pio\build\nucleo_f446re\src\stm32f4-slcan.o
 .debug_ranges  0x00000088       0x88 .pio\build\nucleo_f446re\src\usart2.o
 .debug_ranges  0x00000110       0x20 .pio\build\nucleo_f446re\src\utils.o
 .debug_ranges  0x00000130       0x70 .pio\build\nucleo_f446re\libFrameworkLibOpenCM3.a(can.o)
 .debug_ranges  0x000001a0       0x40 .pio\build\nucleo_f446re\libFrameworkLibOpenCM3.a(gpio_common_all.o)
 .debug_ranges  0x000001e0       0x20 .pio\build\nucleo_f446re\libFrameworkLibOpenCM3.a(gpio_common_f0234.o)
 .debug_ranges  0x00000200       0x68 .pio\build\nucleo_f446re\libFrameworkLibOpenCM3.a(rcc_common_all.o)
 .debug_ranges  0x00000268       0xe0 .pio\build\nucleo_f446re\libFrameworkLibOpenCM3.a(rcc.o)
 .debug_ranges  0x00000348      0x260 .pio\build\nucleo_f446re\libFrameworkLibOpenCM3.a(timer_common_all.o)
 .debug_ranges  0x000005a8       0xa8 .pio\build\nucleo_f446re\libFrameworkLibOpenCM3.a(usart_common_all.o)
 .debug_ranges  0x00000650       0x30 .pio\build\nucleo_f446re\libFrameworkLibOpenCM3.a(usart_common_f124.o)
 .debug_ranges  0x00000680       0x28 .pio\build\nucleo_f446re\libFrameworkLibOpenCM3.a(vector.o)
 .debug_ranges  0x000006a8       0x68 .pio\build\nucleo_f446re\libFrameworkLibOpenCM3.a(systick.o)
 .debug_ranges  0x00000710       0x50 .pio\build\nucleo_f446re\libFrameworkLibOpenCM3.a(nvic.o)
 .debug_ranges  0x00000760       0x28 .pio\build\nucleo_f446re\libFrameworkLibOpenCM3.a(flash_common_all.o)
 .debug_ranges  0x00000788       0x38 .pio\build\nucleo_f446re\libFrameworkLibOpenCM3.a(flash_common_idcache.o)
 .debug_ranges  0x000007c0       0x10 .pio\build\nucleo_f446re\libFrameworkLibOpenCM3.a(pwr.o)

.debug_line     0x00000000     0x3d38
 .debug_line    0x00000000      0x370 .pio\build\nucleo_f446re\src\buzz.o
 .debug_line    0x00000370      0x3f7 .pio\build\nucleo_f446re\src\can2.o
 .debug_line    0x00000767      0x5a8 .pio\build\nucleo_f446re\src\stm32f4-slcan.o
 .debug_line    0x00000d0f      0x4fe .pio\build\nucleo_f446re\src\usart2.o
 .debug_line    0x0000120d      0x2a7 .pio\build\nucleo_f446re\src\utils.o
 .debug_line    0x000014b4      0x3ac .pio\build\nucleo_f446re\libFrameworkLibOpenCM3.a(can.o)
 .debug_line    0x00001860      0x1d0 .pio\build\nucleo_f446re\libFrameworkLibOpenCM3.a(gpio_common_all.o)
 .debug_line    0x00001a30      0x1d5 .pio\build\nucleo_f446re\libFrameworkLibOpenCM3.a(gpio_common_f0234.o)
 .debug_line    0x00001c05      0x293 .pio\build\nucleo_f446re\libFrameworkLibOpenCM3.a(rcc_common_all.o)
 .debug_line    0x00001e98      0x4ef .pio\build\nucleo_f446re\libFrameworkLibOpenCM3.a(rcc.o)
 .debug_line    0x00002387      0x88e .pio\build\nucleo_f446re\libFrameworkLibOpenCM3.a(timer_common_all.o)
 .debug_line    0x00002c15      0x39f .pio\build\nucleo_f446re\libFrameworkLibOpenCM3.a(usart_common_all.o)
 .debug_line    0x00002fb4      0x218 .pio\build\nucleo_f446re\libFrameworkLibOpenCM3.a(usart_common_f124.o)
 .debug_line    0x000031cc      0x268 .pio\build\nucleo_f446re\libFrameworkLibOpenCM3.a(vector.o)
 .debug_line    0x00003434      0x21f .pio\build\nucleo_f446re\libFrameworkLibOpenCM3.a(systick.o)
 .debug_line    0x00003653      0x1e3 .pio\build\nucleo_f446re\libFrameworkLibOpenCM3.a(nvic.o)
 .debug_line    0x00003836      0x198 .pio\build\nucleo_f446re\libFrameworkLibOpenCM3.a(flash_common_all.o)
 .debug_line    0x000039ce      0x1ba .pio\build\nucleo_f446re\libFrameworkLibOpenCM3.a(flash_common_idcache.o)
 .debug_line    0x00003b88      0x1b0 .pio\build\nucleo_f446re\libFrameworkLibOpenCM3.a(pwr.o)

.debug_str      0x00000000     0x2d44
 .debug_str     0x00000000     0x1194 .pio\build\nucleo_f446re\src\buzz.o
                               0x125b (size before relaxing)
 .debug_str     0x00001194       0x94 .pio\build\nucleo_f446re\src\can2.o
                                0xdda (size before relaxing)
 .debug_str     0x00001228      0x20c .pio\build\nucleo_f446re\src\stm32f4-slcan.o
                                0xf95 (size before relaxing)
 .debug_str     0x00001434      0x207 .pio\build\nucleo_f446re\src\usart2.o
                                0xfe7 (size before relaxing)
 .debug_str     0x0000163b       0x1b .pio\build\nucleo_f446re\src\utils.o
                                0x73a (size before relaxing)
 .debug_str     0x00001656      0x18e .pio\build\nucleo_f446re\libFrameworkLibOpenCM3.a(can.o)
                                0x7c6 (size before relaxing)
 .debug_str     0x000017e4       0xaf .pio\build\nucleo_f446re\libFrameworkLibOpenCM3.a(gpio_common_all.o)
                                0x273 (size before relaxing)
 .debug_str     0x00001893       0x9b .pio\build\nucleo_f446re\libFrameworkLibOpenCM3.a(gpio_common_f0234.o)
                                0x295 (size before relaxing)
 .debug_str     0x0000192e      0x192 .pio\build\nucleo_f446re\libFrameworkLibOpenCM3.a(rcc_common_all.o)
                                0xd46 (size before relaxing)
 .debug_str     0x00001ac0      0x2b8 .pio\build\nucleo_f446re\libFrameworkLibOpenCM3.a(rcc.o)
                                0xc85 (size before relaxing)
 .debug_str     0x00001d78      0x8ac .pio\build\nucleo_f446re\libFrameworkLibOpenCM3.a(timer_common_all.o)
                                0xe50 (size before relaxing)
 .debug_str     0x00002624      0x17e .pio\build\nucleo_f446re\libFrameworkLibOpenCM3.a(usart_common_all.o)
                                0x581 (size before relaxing)
 .debug_str     0x000027a2       0x6d .pio\build\nucleo_f446re\libFrameworkLibOpenCM3.a(usart_common_f124.o)
                                0x3bb (size before relaxing)
 .debug_str     0x0000280f      0x1dc .pio\build\nucleo_f446re\libFrameworkLibOpenCM3.a(vector.o)
                                0x373 (size before relaxing)
 .debug_str     0x000029eb       0xf9 .pio\build\nucleo_f446re\libFrameworkLibOpenCM3.a(systick.o)
                                0x304 (size before relaxing)
 .debug_str     0x00002ae4       0xe9 .pio\build\nucleo_f446re\libFrameworkLibOpenCM3.a(nvic.o)
                                0x2c0 (size before relaxing)
 .debug_str     0x00002bcd       0xa4 .pio\build\nucleo_f446re\libFrameworkLibOpenCM3.a(flash_common_all.o)
                                0x23d (size before relaxing)
 .debug_str     0x00002c71       0x87 .pio\build\nucleo_f446re\libFrameworkLibOpenCM3.a(flash_common_idcache.o)
                                0x25f (size before relaxing)
 .debug_str     0x00002cf8       0x4c .pio\build\nucleo_f446re\libFrameworkLibOpenCM3.a(pwr.o)
                                0x21f (size before relaxing)

.comment        0x00000000       0x7e
 .comment       0x00000000       0x7e .pio\build\nucleo_f446re\src\buzz.o
                                 0x7f (size before relaxing)
 .comment       0x0000007e       0x7f .pio\build\nucleo_f446re\src\can2.o
 .comment       0x0000007e       0x7f .pio\build\nucleo_f446re\src\stm32f4-slcan.o
 .comment       0x0000007e       0x7f .pio\build\nucleo_f446re\src\usart2.o
 .comment       0x0000007e       0x7f .pio\build\nucleo_f446re\src\utils.o
 .comment       0x0000007e       0x7f .pio\build\nucleo_f446re\libFrameworkLibOpenCM3.a(can.o)
 .comment       0x0000007e       0x7f .pio\build\nucleo_f446re\libFrameworkLibOpenCM3.a(gpio_common_all.o)
 .comment       0x0000007e       0x7f .pio\build\nucleo_f446re\libFrameworkLibOpenCM3.a(gpio_common_f0234.o)
 .comment       0x0000007e       0x7f .pio\build\nucleo_f446re\libFrameworkLibOpenCM3.a(rcc_common_all.o)
 .comment       0x0000007e       0x7f .pio\build\nucleo_f446re\libFrameworkLibOpenCM3.a(rcc.o)
 .comment       0x0000007e       0x7f .pio\build\nucleo_f446re\libFrameworkLibOpenCM3.a(timer_common_all.o)
 .comment       0x0000007e       0x7f .pio\build\nucleo_f446re\libFrameworkLibOpenCM3.a(usart_common_all.o)
 .comment       0x0000007e       0x7f .pio\build\nucleo_f446re\libFrameworkLibOpenCM3.a(usart_common_f124.o)
 .comment       0x0000007e       0x7f .pio\build\nucleo_f446re\libFrameworkLibOpenCM3.a(vector.o)
 .comment       0x0000007e       0x7f .pio\build\nucleo_f446re\libFrameworkLibOpenCM3.a(systick.o)
 .comment       0x0000007e       0x7f .pio\build\nucleo_f446re\libFrameworkLibOpenCM3.a(nvic.o)
 .comment       0x0000007e       0x7f .pio\build\nucleo_f446re\libFrameworkLibOpenCM3.a(flash_common_all.o)
 .comment       0x0000007e       0x7f .pio\build\nucleo_f446re\libFrameworkLibOpenCM3.a(flash_common_idcache.o)
 .comment       0x0000007e       0x7f .pio\build\nucleo_f446re\libFrameworkLibOpenCM3.a(pwr.o)

.ARM.attributes
                0x00000000       0x37
 .ARM.attributes
                0x00000000       0x39 .pio\build\nucleo_f446re\src\buzz.o
 .ARM.attributes
                0x00000039       0x39 .pio\build\nucleo_f446re\src\can2.o
 .ARM.attributes
                0x00000072       0x39 .pio\build\nucleo_f446re\src\stm32f4-slcan.o
 .ARM.attributes
                0x000000ab       0x39 .pio\build\nucleo_f446re\src\usart2.o
 .ARM.attributes
                0x000000e4       0x39 .pio\build\nucleo_f446re\src\utils.o
 .ARM.attributes
                0x0000011d       0x39 .pio\build\nucleo_f446re\libFrameworkLibOpenCM3.a(can.o)
 .ARM.attributes
                0x00000156       0x39 .pio\build\nucleo_f446re\libFrameworkLibOpenCM3.a(gpio_common_all.o)
 .ARM.attributes
                0x0000018f       0x39 .pio\build\nucleo_f446re\libFrameworkLibOpenCM3.a(gpio_common_f0234.o)
 .ARM.attributes
                0x000001c8       0x39 .pio\build\nucleo_f446re\libFrameworkLibOpenCM3.a(rcc_common_all.o)
 .ARM.attributes
                0x00000201       0x39 .pio\build\nucleo_f446re\libFrameworkLibOpenCM3.a(rcc.o)
 .ARM.attributes
                0x0000023a       0x39 .pio\build\nucleo_f446re\libFrameworkLibOpenCM3.a(timer_common_all.o)
 .ARM.attributes
                0x00000273       0x39 .pio\build\nucleo_f446re\libFrameworkLibOpenCM3.a(usart_common_all.o)
 .ARM.attributes
                0x000002ac       0x39 .pio\build\nucleo_f446re\libFrameworkLibOpenCM3.a(usart_common_f124.o)
 .ARM.attributes
                0x000002e5       0x39 .pio\build\nucleo_f446re\libFrameworkLibOpenCM3.a(vector.o)
 .ARM.attributes
                0x0000031e       0x39 .pio\build\nucleo_f446re\libFrameworkLibOpenCM3.a(systick.o)
 .ARM.attributes
                0x00000357       0x39 .pio\build\nucleo_f446re\libFrameworkLibOpenCM3.a(nvic.o)
 .ARM.attributes
                0x00000390       0x39 .pio\build\nucleo_f446re\libFrameworkLibOpenCM3.a(flash_common_all.o)
 .ARM.attributes
                0x000003c9       0x39 .pio\build\nucleo_f446re\libFrameworkLibOpenCM3.a(flash_common_idcache.o)
 .ARM.attributes
                0x00000402       0x39 .pio\build\nucleo_f446re\libFrameworkLibOpenCM3.a(pwr.o)

.debug_frame    0x00000000     0x125c
 .debug_frame   0x00000000       0x38 .pio\build\nucleo_f446re\src\buzz.o
 .debug_frame   0x00000038       0x50 .pio\build\nucleo_f446re\src\can2.o
 .debug_frame   0x00000088      0x12c .pio\build\nucleo_f446re\src\stm32f4-slcan.o
 .debug_frame   0x000001b4      0x1b4 .pio\build\nucleo_f446re\src\usart2.o
 .debug_frame   0x00000368       0x4c .pio\build\nucleo_f446re\src\utils.o
 .debug_frame   0x000003b4      0x180 .pio\build\nucleo_f446re\libFrameworkLibOpenCM3.a(can.o)
 .debug_frame   0x00000534       0x88 .pio\build\nucleo_f446re\libFrameworkLibOpenCM3.a(gpio_common_all.o)
 .debug_frame   0x000005bc       0x74 .pio\build\nucleo_f446re\libFrameworkLibOpenCM3.a(gpio_common_f0234.o)
 .debug_frame   0x00000630       0xd0 .pio\build\nucleo_f446re\libFrameworkLibOpenCM3.a(rcc_common_all.o)
 .debug_frame   0x00000700      0x210 .pio\build\nucleo_f446re\libFrameworkLibOpenCM3.a(rcc.o)
 .debug_frame   0x00000910      0x4d8 .pio\build\nucleo_f446re\libFrameworkLibOpenCM3.a(timer_common_all.o)
 .debug_frame   0x00000de8      0x164 .pio\build\nucleo_f446re\libFrameworkLibOpenCM3.a(usart_common_all.o)
 .debug_frame   0x00000f4c       0x60 .pio\build\nucleo_f446re\libFrameworkLibOpenCM3.a(usart_common_f124.o)
 .debug_frame   0x00000fac       0x58 .pio\build\nucleo_f446re\libFrameworkLibOpenCM3.a(vector.o)
 .debug_frame   0x00001004       0xd8 .pio\build\nucleo_f446re\libFrameworkLibOpenCM3.a(systick.o)
 .debug_frame   0x000010dc       0xa0 .pio\build\nucleo_f446re\libFrameworkLibOpenCM3.a(nvic.o)
 .debug_frame   0x0000117c       0x50 .pio\build\nucleo_f446re\libFrameworkLibOpenCM3.a(flash_common_all.o)
 .debug_frame   0x000011cc       0x70 .pio\build\nucleo_f446re\libFrameworkLibOpenCM3.a(flash_common_idcache.o)
 .debug_frame   0x0000123c       0x20 .pio\build\nucleo_f446re\libFrameworkLibOpenCM3.a(pwr.o)
