Archive member included to satisfy reference by file (symbol)

c:/users/pc103/.platformio/packages/toolchain-gccarmnoneeabi/bin/../lib/gcc/arm-none-eabi/7.2.1/../../../../arm-none-eabi/lib/thumb/v7e-m/fpv4-sp/hard\libc_nano.a(lib_a-vsnprintf.o)
                              .pio\build\nucleo_f446re\src\usart2.o (vsnprintf)
c:/users/pc103/.platformio/packages/toolchain-gccarmnoneeabi/bin/../lib/gcc/arm-none-eabi/7.2.1/../../../../arm-none-eabi/lib/thumb/v7e-m/fpv4-sp/hard\libc_nano.a(lib_a-impure.o)
                              c:/users/pc103/.platformio/packages/toolchain-gccarmnoneeabi/bin/../lib/gcc/arm-none-eabi/7.2.1/../../../../arm-none-eabi/lib/thumb/v7e-m/fpv4-sp/hard\libc_nano.a(lib_a-vsnprintf.o) (_impure_ptr)
c:/users/pc103/.platformio/packages/toolchain-gccarmnoneeabi/bin/../lib/gcc/arm-none-eabi/7.2.1/../../../../arm-none-eabi/lib/thumb/v7e-m/fpv4-sp/hard\libc_nano.a(lib_a-nano-svfprintf.o)
                              c:/users/pc103/.platformio/packages/toolchain-gccarmnoneeabi/bin/../lib/gcc/arm-none-eabi/7.2.1/../../../../arm-none-eabi/lib/thumb/v7e-m/fpv4-sp/hard\libc_nano.a(lib_a-vsnprintf.o) (_svfprintf_r)
c:/users/pc103/.platformio/packages/toolchain-gccarmnoneeabi/bin/../lib/gcc/arm-none-eabi/7.2.1/../../../../arm-none-eabi/lib/thumb/v7e-m/fpv4-sp/hard\libc_nano.a(lib_a-nano-vfprintf_i.o)
                              c:/users/pc103/.platformio/packages/toolchain-gccarmnoneeabi/bin/../lib/gcc/arm-none-eabi/7.2.1/../../../../arm-none-eabi/lib/thumb/v7e-m/fpv4-sp/hard\libc_nano.a(lib_a-nano-svfprintf.o) (_printf_i)
c:/users/pc103/.platformio/packages/toolchain-gccarmnoneeabi/bin/../lib/gcc/arm-none-eabi/7.2.1/../../../../arm-none-eabi/lib/thumb/v7e-m/fpv4-sp/hard\libc_nano.a(lib_a-memchr.o)
                              c:/users/pc103/.platformio/packages/toolchain-gccarmnoneeabi/bin/../lib/gcc/arm-none-eabi/7.2.1/../../../../arm-none-eabi/lib/thumb/v7e-m/fpv4-sp/hard\libc_nano.a(lib_a-nano-svfprintf.o) (memchr)
c:/users/pc103/.platformio/packages/toolchain-gccarmnoneeabi/bin/../lib/gcc/arm-none-eabi/7.2.1/../../../../arm-none-eabi/lib/thumb/v7e-m/fpv4-sp/hard\libc_nano.a(lib_a-memcpy-stub.o)
                              c:/users/pc103/.platformio/packages/toolchain-gccarmnoneeabi/bin/../lib/gcc/arm-none-eabi/7.2.1/../../../../arm-none-eabi/lib/thumb/v7e-m/fpv4-sp/hard\libc_nano.a(lib_a-nano-svfprintf.o) (memcpy)
c:/users/pc103/.platformio/packages/toolchain-gccarmnoneeabi/bin/../lib/gcc/arm-none-eabi/7.2.1/../../../../arm-none-eabi/lib/thumb/v7e-m/fpv4-sp/hard\libc_nano.a(lib_a-memmove.o)
                              c:/users/pc103/.platformio/packages/toolchain-gccarmnoneeabi/bin/../lib/gcc/arm-none-eabi/7.2.1/../../../../arm-none-eabi/lib/thumb/v7e-m/fpv4-sp/hard\libc_nano.a(lib_a-nano-svfprintf.o) (memmove)
c:/users/pc103/.platformio/packages/toolchain-gccarmnoneeabi/bin/../lib/gcc/arm-none-eabi/7.2.1/../../../../arm-none-eabi/lib/thumb/v7e-m/fpv4-sp/hard\libc_nano.a(lib_a-nano-freer.o)
                              c:/users/pc103/.platformio/packages/toolchain-gccarmnoneeabi/bin/../lib/gcc/arm-none-eabi/7.2.1/../../../../arm-none-eabi/lib/thumb/v7e-m/fpv4-sp/hard\libc_nano.a(lib_a-nano-svfprintf.o) (_free_r)
c:/users/pc103/.platformio/packages/toolchain-gccarmnoneeabi/bin/../lib/gcc/arm-none-eabi/7.2.1/../../../../arm-none-eabi/lib/thumb/v7e-m/fpv4-sp/hard\libc_nano.a(lib_a-nano-mallocr.o)
                              c:/users/pc103/.platformio/packages/toolchain-gccarmnoneeabi/bin/../lib/gcc/arm-none-eabi/7.2.1/../../../../arm-none-eabi/lib/thumb/v7e-m/fpv4-sp/hard\libc_nano.a(lib_a-nano-svfprintf.o) (_malloc_r)
c:/users/pc103/.platformio/packages/toolchain-gccarmnoneeabi/bin/../lib/gcc/arm-none-eabi/7.2.1/../../../../arm-none-eabi/lib/thumb/v7e-m/fpv4-sp/hard\libc_nano.a(lib_a-nano-reallocr.o)
                              c:/users/pc103/.platformio/packages/toolchain-gccarmnoneeabi/bin/../lib/gcc/arm-none-eabi/7.2.1/../../../../arm-none-eabi/lib/thumb/v7e-m/fpv4-sp/hard\libc_nano.a(lib_a-nano-svfprintf.o) (_realloc_r)
c:/users/pc103/.platformio/packages/toolchain-gccarmnoneeabi/bin/../lib/gcc/arm-none-eabi/7.2.1/../../../../arm-none-eabi/lib/thumb/v7e-m/fpv4-sp/hard\libc_nano.a(lib_a-sbrkr.o)
                              c:/users/pc103/.platformio/packages/toolchain-gccarmnoneeabi/bin/../lib/gcc/arm-none-eabi/7.2.1/../../../../arm-none-eabi/lib/thumb/v7e-m/fpv4-sp/hard\libc_nano.a(lib_a-nano-mallocr.o) (_sbrk_r)
c:/users/pc103/.platformio/packages/toolchain-gccarmnoneeabi/bin/../lib/gcc/arm-none-eabi/7.2.1/../../../../arm-none-eabi/lib/thumb/v7e-m/fpv4-sp/hard\libc_nano.a(lib_a-mlock.o)
                              c:/users/pc103/.platformio/packages/toolchain-gccarmnoneeabi/bin/../lib/gcc/arm-none-eabi/7.2.1/../../../../arm-none-eabi/lib/thumb/v7e-m/fpv4-sp/hard\libc_nano.a(lib_a-nano-freer.o) (__malloc_lock)
c:/users/pc103/.platformio/packages/toolchain-gccarmnoneeabi/bin/../lib/gcc/arm-none-eabi/7.2.1/../../../../arm-none-eabi/lib/thumb/v7e-m/fpv4-sp/hard\libc_nano.a(lib_a-nano-msizer.o)
                              c:/users/pc103/.platformio/packages/toolchain-gccarmnoneeabi/bin/../lib/gcc/arm-none-eabi/7.2.1/../../../../arm-none-eabi/lib/thumb/v7e-m/fpv4-sp/hard\libc_nano.a(lib_a-nano-reallocr.o) (_malloc_usable_size_r)
c:/users/pc103/.platformio/packages/toolchain-gccarmnoneeabi/bin/../lib/gcc/arm-none-eabi/7.2.1/../../../../arm-none-eabi/lib/thumb/v7e-m/fpv4-sp/hard\libc_nano.a(lib_a-reent.o)
                              c:/users/pc103/.platformio/packages/toolchain-gccarmnoneeabi/bin/../lib/gcc/arm-none-eabi/7.2.1/../../../../arm-none-eabi/lib/thumb/v7e-m/fpv4-sp/hard\libc_nano.a(lib_a-sbrkr.o) (errno)
c:/users/pc103/.platformio/packages/toolchain-gccarmnoneeabi/bin/../lib/gcc/arm-none-eabi/7.2.1/../../../../arm-none-eabi/lib/thumb/v7e-m/fpv4-sp/hard\libnosys.a(sbrk.o)
                              c:/users/pc103/.platformio/packages/toolchain-gccarmnoneeabi/bin/../lib/gcc/arm-none-eabi/7.2.1/../../../../arm-none-eabi/lib/thumb/v7e-m/fpv4-sp/hard\libc_nano.a(lib_a-sbrkr.o) (_sbrk)
.pio\build\nucleo_f446re\libFrameworkLibOpenCM3.a(can.o)
                              .pio\build\nucleo_f446re\src\can2.o (can_reset)
.pio\build\nucleo_f446re\libFrameworkLibOpenCM3.a(gpio_common_all.o)
                              .pio\build\nucleo_f446re\src\stm32f4-slcan.o (gpio_set)
.pio\build\nucleo_f446re\libFrameworkLibOpenCM3.a(gpio_common_f0234.o)
                              .pio\build\nucleo_f446re\src\can2.o (gpio_mode_setup)
.pio\build\nucleo_f446re\libFrameworkLibOpenCM3.a(rcc_common_all.o)
                              .pio\build\nucleo_f446re\src\can2.o (rcc_periph_clock_enable)
.pio\build\nucleo_f446re\libFrameworkLibOpenCM3.a(rcc.o)
                              .pio\build\nucleo_f446re\src\stm32f4-slcan.o (rcc_clock_setup_pll)
.pio\build\nucleo_f446re\libFrameworkLibOpenCM3.a(usart_common_all.o)
                              .pio\build\nucleo_f446re\src\usart2.o (usart_set_baudrate)
.pio\build\nucleo_f446re\libFrameworkLibOpenCM3.a(usart_common_f124.o)
                              .pio\build\nucleo_f446re\src\usart2.o (usart_send)
.pio\build\nucleo_f446re\libFrameworkLibOpenCM3.a(vector.o)
                              (reset_handler)
.pio\build\nucleo_f446re\libFrameworkLibOpenCM3.a(systick.o)
                              .pio\build\nucleo_f446re\src\stm32f4-slcan.o (systick_set_reload)
.pio\build\nucleo_f446re\libFrameworkLibOpenCM3.a(nvic.o)
                              .pio\build\nucleo_f446re\src\can2.o (nvic_enable_irq)
.pio\build\nucleo_f446re\libFrameworkLibOpenCM3.a(flash_common_all.o)
                              .pio\build\nucleo_f446re\libFrameworkLibOpenCM3.a(rcc.o) (flash_set_ws)
.pio\build\nucleo_f446re\libFrameworkLibOpenCM3.a(flash_common_idcache.o)
                              .pio\build\nucleo_f446re\libFrameworkLibOpenCM3.a(rcc.o) (flash_dcache_enable)
.pio\build\nucleo_f446re\libFrameworkLibOpenCM3.a(pwr.o)
                              .pio\build\nucleo_f446re\libFrameworkLibOpenCM3.a(rcc.o) (pwr_set_vos_scale)

Allocating common symbols
Common symbol       size              file

errno               0x4               c:/users/pc103/.platformio/packages/toolchain-gccarmnoneeabi/bin/../lib/gcc/arm-none-eabi/7.2.1/../../../../arm-none-eabi/lib/thumb/v7e-m/fpv4-sp/hard\libc_nano.a(lib_a-reent.o)

Discarded input sections

 .text          0x00000000        0x0 .pio\build\nucleo_f446re\src\buzz.o
 .data          0x00000000        0x0 .pio\build\nucleo_f446re\src\buzz.o
 .bss           0x00000000        0x0 .pio\build\nucleo_f446re\src\buzz.o
 .text.pipo     0x00000000        0x2 .pio\build\nucleo_f446re\src\buzz.o
 .text          0x00000000        0x0 .pio\build\nucleo_f446re\src\can2.o
 .data          0x00000000        0x0 .pio\build\nucleo_f446re\src\can2.o
 .bss           0x00000000        0x0 .pio\build\nucleo_f446re\src\can2.o
 .text          0x00000000        0x0 .pio\build\nucleo_f446re\src\stm32f4-slcan.o
 .data          0x00000000        0x0 .pio\build\nucleo_f446re\src\stm32f4-slcan.o
 .bss           0x00000000        0x0 .pio\build\nucleo_f446re\src\stm32f4-slcan.o
 .text          0x00000000        0x0 .pio\build\nucleo_f446re\src\usart2.o
 .data          0x00000000        0x0 .pio\build\nucleo_f446re\src\usart2.o
 .bss           0x00000000        0x0 .pio\build\nucleo_f446re\src\usart2.o
 .text.putsSIO2
                0x00000000       0x12 .pio\build\nucleo_f446re\src\usart2.o
 .text.l2printf
                0x00000000       0x2a .pio\build\nucleo_f446re\src\usart2.o
 .text          0x00000000        0x0 .pio\build\nucleo_f446re\src\utils.o
 .data          0x00000000        0x0 .pio\build\nucleo_f446re\src\utils.o
 .bss           0x00000000        0x0 .pio\build\nucleo_f446re\src\utils.o
 .text.hex2bin  0x00000000       0x1a .pio\build\nucleo_f446re\src\utils.o
 .text          0x00000000        0x0 c:/users/pc103/.platformio/packages/toolchain-gccarmnoneeabi/bin/../lib/gcc/arm-none-eabi/7.2.1/../../../../arm-none-eabi/lib/thumb/v7e-m/fpv4-sp/hard\libc_nano.a(lib_a-vsnprintf.o)
 .data          0x00000000        0x0 c:/users/pc103/.platformio/packages/toolchain-gccarmnoneeabi/bin/../lib/gcc/arm-none-eabi/7.2.1/../../../../arm-none-eabi/lib/thumb/v7e-m/fpv4-sp/hard\libc_nano.a(lib_a-vsnprintf.o)
 .bss           0x00000000        0x0 c:/users/pc103/.platformio/packages/toolchain-gccarmnoneeabi/bin/../lib/gcc/arm-none-eabi/7.2.1/../../../../arm-none-eabi/lib/thumb/v7e-m/fpv4-sp/hard\libc_nano.a(lib_a-vsnprintf.o)
 .text._vsnprintf_r
                0x00000000       0x58 c:/users/pc103/.platformio/packages/toolchain-gccarmnoneeabi/bin/../lib/gcc/arm-none-eabi/7.2.1/../../../../arm-none-eabi/lib/thumb/v7e-m/fpv4-sp/hard\libc_nano.a(lib_a-vsnprintf.o)
 .text.vsnprintf
                0x00000000       0x1c c:/users/pc103/.platformio/packages/toolchain-gccarmnoneeabi/bin/../lib/gcc/arm-none-eabi/7.2.1/../../../../arm-none-eabi/lib/thumb/v7e-m/fpv4-sp/hard\libc_nano.a(lib_a-vsnprintf.o)
 .debug_frame   0x00000000       0x4c c:/users/pc103/.platformio/packages/toolchain-gccarmnoneeabi/bin/../lib/gcc/arm-none-eabi/7.2.1/../../../../arm-none-eabi/lib/thumb/v7e-m/fpv4-sp/hard\libc_nano.a(lib_a-vsnprintf.o)
 .ARM.attributes
                0x00000000       0x34 c:/users/pc103/.platformio/packages/toolchain-gccarmnoneeabi/bin/../lib/gcc/arm-none-eabi/7.2.1/../../../../arm-none-eabi/lib/thumb/v7e-m/fpv4-sp/hard\libc_nano.a(lib_a-vsnprintf.o)
 .text          0x00000000        0x0 c:/users/pc103/.platformio/packages/toolchain-gccarmnoneeabi/bin/../lib/gcc/arm-none-eabi/7.2.1/../../../../arm-none-eabi/lib/thumb/v7e-m/fpv4-sp/hard\libc_nano.a(lib_a-impure.o)
 .data          0x00000000        0x0 c:/users/pc103/.platformio/packages/toolchain-gccarmnoneeabi/bin/../lib/gcc/arm-none-eabi/7.2.1/../../../../arm-none-eabi/lib/thumb/v7e-m/fpv4-sp/hard\libc_nano.a(lib_a-impure.o)
 .bss           0x00000000        0x0 c:/users/pc103/.platformio/packages/toolchain-gccarmnoneeabi/bin/../lib/gcc/arm-none-eabi/7.2.1/../../../../arm-none-eabi/lib/thumb/v7e-m/fpv4-sp/hard\libc_nano.a(lib_a-impure.o)
 .data._impure_ptr
                0x00000000        0x4 c:/users/pc103/.platformio/packages/toolchain-gccarmnoneeabi/bin/../lib/gcc/arm-none-eabi/7.2.1/../../../../arm-none-eabi/lib/thumb/v7e-m/fpv4-sp/hard\libc_nano.a(lib_a-impure.o)
 .data.impure_data
                0x00000000       0x60 c:/users/pc103/.platformio/packages/toolchain-gccarmnoneeabi/bin/../lib/gcc/arm-none-eabi/7.2.1/../../../../arm-none-eabi/lib/thumb/v7e-m/fpv4-sp/hard\libc_nano.a(lib_a-impure.o)
 .rodata._global_impure_ptr
                0x00000000        0x4 c:/users/pc103/.platformio/packages/toolchain-gccarmnoneeabi/bin/../lib/gcc/arm-none-eabi/7.2.1/../../../../arm-none-eabi/lib/thumb/v7e-m/fpv4-sp/hard\libc_nano.a(lib_a-impure.o)
 .ARM.attributes
                0x00000000       0x34 c:/users/pc103/.platformio/packages/toolchain-gccarmnoneeabi/bin/../lib/gcc/arm-none-eabi/7.2.1/../../../../arm-none-eabi/lib/thumb/v7e-m/fpv4-sp/hard\libc_nano.a(lib_a-impure.o)
 .text          0x00000000        0x0 c:/users/pc103/.platformio/packages/toolchain-gccarmnoneeabi/bin/../lib/gcc/arm-none-eabi/7.2.1/../../../../arm-none-eabi/lib/thumb/v7e-m/fpv4-sp/hard\libc_nano.a(lib_a-nano-svfprintf.o)
 .data          0x00000000        0x0 c:/users/pc103/.platformio/packages/toolchain-gccarmnoneeabi/bin/../lib/gcc/arm-none-eabi/7.2.1/../../../../arm-none-eabi/lib/thumb/v7e-m/fpv4-sp/hard\libc_nano.a(lib_a-nano-svfprintf.o)
 .bss           0x00000000        0x0 c:/users/pc103/.platformio/packages/toolchain-gccarmnoneeabi/bin/../lib/gcc/arm-none-eabi/7.2.1/../../../../arm-none-eabi/lib/thumb/v7e-m/fpv4-sp/hard\libc_nano.a(lib_a-nano-svfprintf.o)
 .text.__ssputs_r
                0x00000000       0xb4 c:/users/pc103/.platformio/packages/toolchain-gccarmnoneeabi/bin/../lib/gcc/arm-none-eabi/7.2.1/../../../../arm-none-eabi/lib/thumb/v7e-m/fpv4-sp/hard\libc_nano.a(lib_a-nano-svfprintf.o)
 .text.__ssprint_r
                0x00000000       0xf0 c:/users/pc103/.platformio/packages/toolchain-gccarmnoneeabi/bin/../lib/gcc/arm-none-eabi/7.2.1/../../../../arm-none-eabi/lib/thumb/v7e-m/fpv4-sp/hard\libc_nano.a(lib_a-nano-svfprintf.o)
 .text._svfprintf_r
                0x00000000      0x1ec c:/users/pc103/.platformio/packages/toolchain-gccarmnoneeabi/bin/../lib/gcc/arm-none-eabi/7.2.1/../../../../arm-none-eabi/lib/thumb/v7e-m/fpv4-sp/hard\libc_nano.a(lib_a-nano-svfprintf.o)
 .rodata._svfprintf_r.str1.1
                0x00000000       0x11 c:/users/pc103/.platformio/packages/toolchain-gccarmnoneeabi/bin/../lib/gcc/arm-none-eabi/7.2.1/../../../../arm-none-eabi/lib/thumb/v7e-m/fpv4-sp/hard\libc_nano.a(lib_a-nano-svfprintf.o)
 .debug_frame   0x00000000       0x90 c:/users/pc103/.platformio/packages/toolchain-gccarmnoneeabi/bin/../lib/gcc/arm-none-eabi/7.2.1/../../../../arm-none-eabi/lib/thumb/v7e-m/fpv4-sp/hard\libc_nano.a(lib_a-nano-svfprintf.o)
 .ARM.attributes
                0x00000000       0x34 c:/users/pc103/.platformio/packages/toolchain-gccarmnoneeabi/bin/../lib/gcc/arm-none-eabi/7.2.1/../../../../arm-none-eabi/lib/thumb/v7e-m/fpv4-sp/hard\libc_nano.a(lib_a-nano-svfprintf.o)
 .text          0x00000000        0x0 c:/users/pc103/.platformio/packages/toolchain-gccarmnoneeabi/bin/../lib/gcc/arm-none-eabi/7.2.1/../../../../arm-none-eabi/lib/thumb/v7e-m/fpv4-sp/hard\libc_nano.a(lib_a-nano-vfprintf_i.o)
 .data          0x00000000        0x0 c:/users/pc103/.platformio/packages/toolchain-gccarmnoneeabi/bin/../lib/gcc/arm-none-eabi/7.2.1/../../../../arm-none-eabi/lib/thumb/v7e-m/fpv4-sp/hard\libc_nano.a(lib_a-nano-vfprintf_i.o)
 .bss           0x00000000        0x0 c:/users/pc103/.platformio/packages/toolchain-gccarmnoneeabi/bin/../lib/gcc/arm-none-eabi/7.2.1/../../../../arm-none-eabi/lib/thumb/v7e-m/fpv4-sp/hard\libc_nano.a(lib_a-nano-vfprintf_i.o)
 .text._printf_common
                0x00000000       0xea c:/users/pc103/.platformio/packages/toolchain-gccarmnoneeabi/bin/../lib/gcc/arm-none-eabi/7.2.1/../../../../arm-none-eabi/lib/thumb/v7e-m/fpv4-sp/hard\libc_nano.a(lib_a-nano-vfprintf_i.o)
 .text._printf_i
                0x00000000      0x224 c:/users/pc103/.platformio/packages/toolchain-gccarmnoneeabi/bin/../lib/gcc/arm-none-eabi/7.2.1/../../../../arm-none-eabi/lib/thumb/v7e-m/fpv4-sp/hard\libc_nano.a(lib_a-nano-vfprintf_i.o)
 .rodata._printf_i.str1.1
                0x00000000       0x22 c:/users/pc103/.platformio/packages/toolchain-gccarmnoneeabi/bin/../lib/gcc/arm-none-eabi/7.2.1/../../../../arm-none-eabi/lib/thumb/v7e-m/fpv4-sp/hard\libc_nano.a(lib_a-nano-vfprintf_i.o)
 .debug_frame   0x00000000       0x60 c:/users/pc103/.platformio/packages/toolchain-gccarmnoneeabi/bin/../lib/gcc/arm-none-eabi/7.2.1/../../../../arm-none-eabi/lib/thumb/v7e-m/fpv4-sp/hard\libc_nano.a(lib_a-nano-vfprintf_i.o)
 .ARM.attributes
                0x00000000       0x34 c:/users/pc103/.platformio/packages/toolchain-gccarmnoneeabi/bin/../lib/gcc/arm-none-eabi/7.2.1/../../../../arm-none-eabi/lib/thumb/v7e-m/fpv4-sp/hard\libc_nano.a(lib_a-nano-vfprintf_i.o)
 .text          0x00000000       0xa0 c:/users/pc103/.platformio/packages/toolchain-gccarmnoneeabi/bin/../lib/gcc/arm-none-eabi/7.2.1/../../../../arm-none-eabi/lib/thumb/v7e-m/fpv4-sp/hard\libc_nano.a(lib_a-memchr.o)
 .data          0x00000000        0x0 c:/users/pc103/.platformio/packages/toolchain-gccarmnoneeabi/bin/../lib/gcc/arm-none-eabi/7.2.1/../../../../arm-none-eabi/lib/thumb/v7e-m/fpv4-sp/hard\libc_nano.a(lib_a-memchr.o)
 .bss           0x00000000        0x0 c:/users/pc103/.platformio/packages/toolchain-gccarmnoneeabi/bin/../lib/gcc/arm-none-eabi/7.2.1/../../../../arm-none-eabi/lib/thumb/v7e-m/fpv4-sp/hard\libc_nano.a(lib_a-memchr.o)
 .ARM.attributes
                0x00000000       0x20 c:/users/pc103/.platformio/packages/toolchain-gccarmnoneeabi/bin/../lib/gcc/arm-none-eabi/7.2.1/../../../../arm-none-eabi/lib/thumb/v7e-m/fpv4-sp/hard\libc_nano.a(lib_a-memchr.o)
 .text          0x00000000        0x0 c:/users/pc103/.platformio/packages/toolchain-gccarmnoneeabi/bin/../lib/gcc/arm-none-eabi/7.2.1/../../../../arm-none-eabi/lib/thumb/v7e-m/fpv4-sp/hard\libc_nano.a(lib_a-memcpy-stub.o)
 .data          0x00000000        0x0 c:/users/pc103/.platformio/packages/toolchain-gccarmnoneeabi/bin/../lib/gcc/arm-none-eabi/7.2.1/../../../../arm-none-eabi/lib/thumb/v7e-m/fpv4-sp/hard\libc_nano.a(lib_a-memcpy-stub.o)
 .bss           0x00000000        0x0 c:/users/pc103/.platformio/packages/toolchain-gccarmnoneeabi/bin/../lib/gcc/arm-none-eabi/7.2.1/../../../../arm-none-eabi/lib/thumb/v7e-m/fpv4-sp/hard\libc_nano.a(lib_a-memcpy-stub.o)
 .text.memcpy   0x00000000       0x16 c:/users/pc103/.platformio/packages/toolchain-gccarmnoneeabi/bin/../lib/gcc/arm-none-eabi/7.2.1/../../../../arm-none-eabi/lib/thumb/v7e-m/fpv4-sp/hard\libc_nano.a(lib_a-memcpy-stub.o)
 .debug_frame   0x00000000       0x28 c:/users/pc103/.platformio/packages/toolchain-gccarmnoneeabi/bin/../lib/gcc/arm-none-eabi/7.2.1/../../../../arm-none-eabi/lib/thumb/v7e-m/fpv4-sp/hard\libc_nano.a(lib_a-memcpy-stub.o)
 .ARM.attributes
                0x00000000       0x34 c:/users/pc103/.platformio/packages/toolchain-gccarmnoneeabi/bin/../lib/gcc/arm-none-eabi/7.2.1/../../../../arm-none-eabi/lib/thumb/v7e-m/fpv4-sp/hard\libc_nano.a(lib_a-memcpy-stub.o)
 .text          0x00000000        0x0 c:/users/pc103/.platformio/packages/toolchain-gccarmnoneeabi/bin/../lib/gcc/arm-none-eabi/7.2.1/../../../../arm-none-eabi/lib/thumb/v7e-m/fpv4-sp/hard\libc_nano.a(lib_a-memmove.o)
 .data          0x00000000        0x0 c:/users/pc103/.platformio/packages/toolchain-gccarmnoneeabi/bin/../lib/gcc/arm-none-eabi/7.2.1/../../../../arm-none-eabi/lib/thumb/v7e-m/fpv4-sp/hard\libc_nano.a(lib_a-memmove.o)
 .bss           0x00000000        0x0 c:/users/pc103/.platformio/packages/toolchain-gccarmnoneeabi/bin/../lib/gcc/arm-none-eabi/7.2.1/../../../../arm-none-eabi/lib/thumb/v7e-m/fpv4-sp/hard\libc_nano.a(lib_a-memmove.o)
 .text.memmove  0x00000000       0x32 c:/users/pc103/.platformio/packages/toolchain-gccarmnoneeabi/bin/../lib/gcc/arm-none-eabi/7.2.1/../../../../arm-none-eabi/lib/thumb/v7e-m/fpv4-sp/hard\libc_nano.a(lib_a-memmove.o)
 .debug_frame   0x00000000       0x28 c:/users/pc103/.platformio/packages/toolchain-gccarmnoneeabi/bin/../lib/gcc/arm-none-eabi/7.2.1/../../../../arm-none-eabi/lib/thumb/v7e-m/fpv4-sp/hard\libc_nano.a(lib_a-memmove.o)
 .ARM.attributes
                0x00000000       0x34 c:/users/pc103/.platformio/packages/toolchain-gccarmnoneeabi/bin/../lib/gcc/arm-none-eabi/7.2.1/../../../../arm-none-eabi/lib/thumb/v7e-m/fpv4-sp/hard\libc_nano.a(lib_a-memmove.o)
 .text          0x00000000        0x0 c:/users/pc103/.platformio/packages/toolchain-gccarmnoneeabi/bin/../lib/gcc/arm-none-eabi/7.2.1/../../../../arm-none-eabi/lib/thumb/v7e-m/fpv4-sp/hard\libc_nano.a(lib_a-nano-freer.o)
 .data          0x00000000        0x0 c:/users/pc103/.platformio/packages/toolchain-gccarmnoneeabi/bin/../lib/gcc/arm-none-eabi/7.2.1/../../../../arm-none-eabi/lib/thumb/v7e-m/fpv4-sp/hard\libc_nano.a(lib_a-nano-freer.o)
 .bss           0x00000000        0x0 c:/users/pc103/.platformio/packages/toolchain-gccarmnoneeabi/bin/../lib/gcc/arm-none-eabi/7.2.1/../../../../arm-none-eabi/lib/thumb/v7e-m/fpv4-sp/hard\libc_nano.a(lib_a-nano-freer.o)
 .text._free_r  0x00000000       0x9c c:/users/pc103/.platformio/packages/toolchain-gccarmnoneeabi/bin/../lib/gcc/arm-none-eabi/7.2.1/../../../../arm-none-eabi/lib/thumb/v7e-m/fpv4-sp/hard\libc_nano.a(lib_a-nano-freer.o)
 .debug_frame   0x00000000       0x38 c:/users/pc103/.platformio/packages/toolchain-gccarmnoneeabi/bin/../lib/gcc/arm-none-eabi/7.2.1/../../../../arm-none-eabi/lib/thumb/v7e-m/fpv4-sp/hard\libc_nano.a(lib_a-nano-freer.o)
 .ARM.attributes
                0x00000000       0x34 c:/users/pc103/.platformio/packages/toolchain-gccarmnoneeabi/bin/../lib/gcc/arm-none-eabi/7.2.1/../../../../arm-none-eabi/lib/thumb/v7e-m/fpv4-sp/hard\libc_nano.a(lib_a-nano-freer.o)
 .text          0x00000000        0x0 c:/users/pc103/.platformio/packages/toolchain-gccarmnoneeabi/bin/../lib/gcc/arm-none-eabi/7.2.1/../../../../arm-none-eabi/lib/thumb/v7e-m/fpv4-sp/hard\libc_nano.a(lib_a-nano-mallocr.o)
 .data          0x00000000        0x0 c:/users/pc103/.platformio/packages/toolchain-gccarmnoneeabi/bin/../lib/gcc/arm-none-eabi/7.2.1/../../../../arm-none-eabi/lib/thumb/v7e-m/fpv4-sp/hard\libc_nano.a(lib_a-nano-mallocr.o)
 .bss           0x00000000        0x0 c:/users/pc103/.platformio/packages/toolchain-gccarmnoneeabi/bin/../lib/gcc/arm-none-eabi/7.2.1/../../../../arm-none-eabi/lib/thumb/v7e-m/fpv4-sp/hard\libc_nano.a(lib_a-nano-mallocr.o)
 .text._malloc_r
                0x00000000       0xb4 c:/users/pc103/.platformio/packages/toolchain-gccarmnoneeabi/bin/../lib/gcc/arm-none-eabi/7.2.1/../../../../arm-none-eabi/lib/thumb/v7e-m/fpv4-sp/hard\libc_nano.a(lib_a-nano-mallocr.o)
 .bss.__malloc_free_list
                0x00000000        0x4 c:/users/pc103/.platformio/packages/toolchain-gccarmnoneeabi/bin/../lib/gcc/arm-none-eabi/7.2.1/../../../../arm-none-eabi/lib/thumb/v7e-m/fpv4-sp/hard\libc_nano.a(lib_a-nano-mallocr.o)
 .bss.__malloc_sbrk_start
                0x00000000        0x4 c:/users/pc103/.platformio/packages/toolchain-gccarmnoneeabi/bin/../lib/gcc/arm-none-eabi/7.2.1/../../../../arm-none-eabi/lib/thumb/v7e-m/fpv4-sp/hard\libc_nano.a(lib_a-nano-mallocr.o)
 .debug_frame   0x00000000       0x2c c:/users/pc103/.platformio/packages/toolchain-gccarmnoneeabi/bin/../lib/gcc/arm-none-eabi/7.2.1/../../../../arm-none-eabi/lib/thumb/v7e-m/fpv4-sp/hard\libc_nano.a(lib_a-nano-mallocr.o)
 .ARM.attributes
                0x00000000       0x34 c:/users/pc103/.platformio/packages/toolchain-gccarmnoneeabi/bin/../lib/gcc/arm-none-eabi/7.2.1/../../../../arm-none-eabi/lib/thumb/v7e-m/fpv4-sp/hard\libc_nano.a(lib_a-nano-mallocr.o)
 .text          0x00000000        0x0 c:/users/pc103/.platformio/packages/toolchain-gccarmnoneeabi/bin/../lib/gcc/arm-none-eabi/7.2.1/../../../../arm-none-eabi/lib/thumb/v7e-m/fpv4-sp/hard\libc_nano.a(lib_a-nano-reallocr.o)
 .data          0x00000000        0x0 c:/users/pc103/.platformio/packages/toolchain-gccarmnoneeabi/bin/../lib/gcc/arm-none-eabi/7.2.1/../../../../arm-none-eabi/lib/thumb/v7e-m/fpv4-sp/hard\libc_nano.a(lib_a-nano-reallocr.o)
 .bss           0x00000000        0x0 c:/users/pc103/.platformio/packages/toolchain-gccarmnoneeabi/bin/../lib/gcc/arm-none-eabi/7.2.1/../../../../arm-none-eabi/lib/thumb/v7e-m/fpv4-sp/hard\libc_nano.a(lib_a-nano-reallocr.o)
 .text._realloc_r
                0x00000000       0x4c c:/users/pc103/.platformio/packages/toolchain-gccarmnoneeabi/bin/../lib/gcc/arm-none-eabi/7.2.1/../../../../arm-none-eabi/lib/thumb/v7e-m/fpv4-sp/hard\libc_nano.a(lib_a-nano-reallocr.o)
 .debug_frame   0x00000000       0x3c c:/users/pc103/.platformio/packages/toolchain-gccarmnoneeabi/bin/../lib/gcc/arm-none-eabi/7.2.1/../../../../arm-none-eabi/lib/thumb/v7e-m/fpv4-sp/hard\libc_nano.a(lib_a-nano-reallocr.o)
 .ARM.attributes
                0x00000000       0x34 c:/users/pc103/.platformio/packages/toolchain-gccarmnoneeabi/bin/../lib/gcc/arm-none-eabi/7.2.1/../../../../arm-none-eabi/lib/thumb/v7e-m/fpv4-sp/hard\libc_nano.a(lib_a-nano-reallocr.o)
 .text          0x00000000        0x0 c:/users/pc103/.platformio/packages/toolchain-gccarmnoneeabi/bin/../lib/gcc/arm-none-eabi/7.2.1/../../../../arm-none-eabi/lib/thumb/v7e-m/fpv4-sp/hard\libc_nano.a(lib_a-sbrkr.o)
 .data          0x00000000        0x0 c:/users/pc103/.platformio/packages/toolchain-gccarmnoneeabi/bin/../lib/gcc/arm-none-eabi/7.2.1/../../../../arm-none-eabi/lib/thumb/v7e-m/fpv4-sp/hard\libc_nano.a(lib_a-sbrkr.o)
 .bss           0x00000000        0x0 c:/users/pc103/.platformio/packages/toolchain-gccarmnoneeabi/bin/../lib/gcc/arm-none-eabi/7.2.1/../../../../arm-none-eabi/lib/thumb/v7e-m/fpv4-sp/hard\libc_nano.a(lib_a-sbrkr.o)
 .text._sbrk_r  0x00000000       0x20 c:/users/pc103/.platformio/packages/toolchain-gccarmnoneeabi/bin/../lib/gcc/arm-none-eabi/7.2.1/../../../../arm-none-eabi/lib/thumb/v7e-m/fpv4-sp/hard\libc_nano.a(lib_a-sbrkr.o)
 .debug_frame   0x00000000       0x2c c:/users/pc103/.platformio/packages/toolchain-gccarmnoneeabi/bin/../lib/gcc/arm-none-eabi/7.2.1/../../../../arm-none-eabi/lib/thumb/v7e-m/fpv4-sp/hard\libc_nano.a(lib_a-sbrkr.o)
 .ARM.attributes
                0x00000000       0x34 c:/users/pc103/.platformio/packages/toolchain-gccarmnoneeabi/bin/../lib/gcc/arm-none-eabi/7.2.1/../../../../arm-none-eabi/lib/thumb/v7e-m/fpv4-sp/hard\libc_nano.a(lib_a-sbrkr.o)
 .text          0x00000000        0x0 c:/users/pc103/.platformio/packages/toolchain-gccarmnoneeabi/bin/../lib/gcc/arm-none-eabi/7.2.1/../../../../arm-none-eabi/lib/thumb/v7e-m/fpv4-sp/hard\libc_nano.a(lib_a-mlock.o)
 .data          0x00000000        0x0 c:/users/pc103/.platformio/packages/toolchain-gccarmnoneeabi/bin/../lib/gcc/arm-none-eabi/7.2.1/../../../../arm-none-eabi/lib/thumb/v7e-m/fpv4-sp/hard\libc_nano.a(lib_a-mlock.o)
 .bss           0x00000000        0x0 c:/users/pc103/.platformio/packages/toolchain-gccarmnoneeabi/bin/../lib/gcc/arm-none-eabi/7.2.1/../../../../arm-none-eabi/lib/thumb/v7e-m/fpv4-sp/hard\libc_nano.a(lib_a-mlock.o)
 .text.__malloc_lock
                0x00000000        0x2 c:/users/pc103/.platformio/packages/toolchain-gccarmnoneeabi/bin/../lib/gcc/arm-none-eabi/7.2.1/../../../../arm-none-eabi/lib/thumb/v7e-m/fpv4-sp/hard\libc_nano.a(lib_a-mlock.o)
 .text.__malloc_unlock
                0x00000000        0x2 c:/users/pc103/.platformio/packages/toolchain-gccarmnoneeabi/bin/../lib/gcc/arm-none-eabi/7.2.1/../../../../arm-none-eabi/lib/thumb/v7e-m/fpv4-sp/hard\libc_nano.a(lib_a-mlock.o)
 .debug_frame   0x00000000       0x30 c:/users/pc103/.platformio/packages/toolchain-gccarmnoneeabi/bin/../lib/gcc/arm-none-eabi/7.2.1/../../../../arm-none-eabi/lib/thumb/v7e-m/fpv4-sp/hard\libc_nano.a(lib_a-mlock.o)
 .ARM.attributes
                0x00000000       0x34 c:/users/pc103/.platformio/packages/toolchain-gccarmnoneeabi/bin/../lib/gcc/arm-none-eabi/7.2.1/../../../../arm-none-eabi/lib/thumb/v7e-m/fpv4-sp/hard\libc_nano.a(lib_a-mlock.o)
 .text          0x00000000        0x0 c:/users/pc103/.platformio/packages/toolchain-gccarmnoneeabi/bin/../lib/gcc/arm-none-eabi/7.2.1/../../../../arm-none-eabi/lib/thumb/v7e-m/fpv4-sp/hard\libc_nano.a(lib_a-nano-msizer.o)
 .data          0x00000000        0x0 c:/users/pc103/.platformio/packages/toolchain-gccarmnoneeabi/bin/../lib/gcc/arm-none-eabi/7.2.1/../../../../arm-none-eabi/lib/thumb/v7e-m/fpv4-sp/hard\libc_nano.a(lib_a-nano-msizer.o)
 .bss           0x00000000        0x0 c:/users/pc103/.platformio/packages/toolchain-gccarmnoneeabi/bin/../lib/gcc/arm-none-eabi/7.2.1/../../../../arm-none-eabi/lib/thumb/v7e-m/fpv4-sp/hard\libc_nano.a(lib_a-nano-msizer.o)
 .text._malloc_usable_size_r
                0x00000000       0x10 c:/users/pc103/.platformio/packages/toolchain-gccarmnoneeabi/bin/../lib/gcc/arm-none-eabi/7.2.1/../../../../arm-none-eabi/lib/thumb/v7e-m/fpv4-sp/hard\libc_nano.a(lib_a-nano-msizer.o)
 .debug_frame   0x00000000       0x20 c:/users/pc103/.platformio/packages/toolchain-gccarmnoneeabi/bin/../lib/gcc/arm-none-eabi/7.2.1/../../../../arm-none-eabi/lib/thumb/v7e-m/fpv4-sp/hard\libc_nano.a(lib_a-nano-msizer.o)
 .ARM.attributes
                0x00000000       0x34 c:/users/pc103/.platformio/packages/toolchain-gccarmnoneeabi/bin/../lib/gcc/arm-none-eabi/7.2.1/../../../../arm-none-eabi/lib/thumb/v7e-m/fpv4-sp/hard\libc_nano.a(lib_a-nano-msizer.o)
 .text          0x00000000        0x0 c:/users/pc103/.platformio/packages/toolchain-gccarmnoneeabi/bin/../lib/gcc/arm-none-eabi/7.2.1/../../../../arm-none-eabi/lib/thumb/v7e-m/fpv4-sp/hard\libc_nano.a(lib_a-reent.o)
 .data          0x00000000        0x0 c:/users/pc103/.platformio/packages/toolchain-gccarmnoneeabi/bin/../lib/gcc/arm-none-eabi/7.2.1/../../../../arm-none-eabi/lib/thumb/v7e-m/fpv4-sp/hard\libc_nano.a(lib_a-reent.o)
 .bss           0x00000000        0x0 c:/users/pc103/.platformio/packages/toolchain-gccarmnoneeabi/bin/../lib/gcc/arm-none-eabi/7.2.1/../../../../arm-none-eabi/lib/thumb/v7e-m/fpv4-sp/hard\libc_nano.a(lib_a-reent.o)
 .text.cleanup_glue
                0x00000000       0x1a c:/users/pc103/.platformio/packages/toolchain-gccarmnoneeabi/bin/../lib/gcc/arm-none-eabi/7.2.1/../../../../arm-none-eabi/lib/thumb/v7e-m/fpv4-sp/hard\libc_nano.a(lib_a-reent.o)
 .text._reclaim_reent
                0x00000000       0xb8 c:/users/pc103/.platformio/packages/toolchain-gccarmnoneeabi/bin/../lib/gcc/arm-none-eabi/7.2.1/../../../../arm-none-eabi/lib/thumb/v7e-m/fpv4-sp/hard\libc_nano.a(lib_a-reent.o)
 .debug_frame   0x00000000       0x5c c:/users/pc103/.platformio/packages/toolchain-gccarmnoneeabi/bin/../lib/gcc/arm-none-eabi/7.2.1/../../../../arm-none-eabi/lib/thumb/v7e-m/fpv4-sp/hard\libc_nano.a(lib_a-reent.o)
 .ARM.attributes
                0x00000000       0x34 c:/users/pc103/.platformio/packages/toolchain-gccarmnoneeabi/bin/../lib/gcc/arm-none-eabi/7.2.1/../../../../arm-none-eabi/lib/thumb/v7e-m/fpv4-sp/hard\libc_nano.a(lib_a-reent.o)
 COMMON         0x00000000        0x4 c:/users/pc103/.platformio/packages/toolchain-gccarmnoneeabi/bin/../lib/gcc/arm-none-eabi/7.2.1/../../../../arm-none-eabi/lib/thumb/v7e-m/fpv4-sp/hard\libc_nano.a(lib_a-reent.o)
 .text          0x00000000        0x0 c:/users/pc103/.platformio/packages/toolchain-gccarmnoneeabi/bin/../lib/gcc/arm-none-eabi/7.2.1/../../../../arm-none-eabi/lib/thumb/v7e-m/fpv4-sp/hard\libnosys.a(sbrk.o)
 .data          0x00000000        0x0 c:/users/pc103/.platformio/packages/toolchain-gccarmnoneeabi/bin/../lib/gcc/arm-none-eabi/7.2.1/../../../../arm-none-eabi/lib/thumb/v7e-m/fpv4-sp/hard\libnosys.a(sbrk.o)
 .bss           0x00000000        0x0 c:/users/pc103/.platformio/packages/toolchain-gccarmnoneeabi/bin/../lib/gcc/arm-none-eabi/7.2.1/../../../../arm-none-eabi/lib/thumb/v7e-m/fpv4-sp/hard\libnosys.a(sbrk.o)
 .text._sbrk    0x00000000       0x1c c:/users/pc103/.platformio/packages/toolchain-gccarmnoneeabi/bin/../lib/gcc/arm-none-eabi/7.2.1/../../../../arm-none-eabi/lib/thumb/v7e-m/fpv4-sp/hard\libnosys.a(sbrk.o)
 .bss.heap_end.5377
                0x00000000        0x4 c:/users/pc103/.platformio/packages/toolchain-gccarmnoneeabi/bin/../lib/gcc/arm-none-eabi/7.2.1/../../../../arm-none-eabi/lib/thumb/v7e-m/fpv4-sp/hard\libnosys.a(sbrk.o)
 .debug_frame   0x00000000       0x20 c:/users/pc103/.platformio/packages/toolchain-gccarmnoneeabi/bin/../lib/gcc/arm-none-eabi/7.2.1/../../../../arm-none-eabi/lib/thumb/v7e-m/fpv4-sp/hard\libnosys.a(sbrk.o)
 .ARM.attributes
                0x00000000       0x34 c:/users/pc103/.platformio/packages/toolchain-gccarmnoneeabi/bin/../lib/gcc/arm-none-eabi/7.2.1/../../../../arm-none-eabi/lib/thumb/v7e-m/fpv4-sp/hard\libnosys.a(sbrk.o)
 .text          0x00000000        0x0 .pio\build\nucleo_f446re\libFrameworkLibOpenCM3.a(can.o)
 .data          0x00000000        0x0 .pio\build\nucleo_f446re\libFrameworkLibOpenCM3.a(can.o)
 .bss           0x00000000        0x0 .pio\build\nucleo_f446re\libFrameworkLibOpenCM3.a(can.o)
 .text.can_filter_id_mask_16bit_init
                0x00000000       0x20 .pio\build\nucleo_f446re\libFrameworkLibOpenCM3.a(can.o)
 .text.can_filter_id_list_16bit_init
                0x00000000       0x20 .pio\build\nucleo_f446re\libFrameworkLibOpenCM3.a(can.o)
 .text.can_filter_id_list_32bit_init
                0x00000000       0x1a .pio\build\nucleo_f446re\libFrameworkLibOpenCM3.a(can.o)
 .text.can_disable_irq
                0x00000000        0xa .pio\build\nucleo_f446re\libFrameworkLibOpenCM3.a(can.o)
 .text          0x00000000        0x0 .pio\build\nucleo_f446re\libFrameworkLibOpenCM3.a(gpio_common_all.o)
 .data          0x00000000        0x0 .pio\build\nucleo_f446re\libFrameworkLibOpenCM3.a(gpio_common_all.o)
 .bss           0x00000000        0x0 .pio\build\nucleo_f446re\libFrameworkLibOpenCM3.a(gpio_common_all.o)
 .text.gpio_get
                0x00000000        0x6 .pio\build\nucleo_f446re\libFrameworkLibOpenCM3.a(gpio_common_all.o)
 .text.gpio_port_read
                0x00000000        0x6 .pio\build\nucleo_f446re\libFrameworkLibOpenCM3.a(gpio_common_all.o)
 .text.gpio_port_write
                0x00000000        0x4 .pio\build\nucleo_f446re\libFrameworkLibOpenCM3.a(gpio_common_all.o)
 .text.gpio_port_config_lock
                0x00000000       0x10 .pio\build\nucleo_f446re\libFrameworkLibOpenCM3.a(gpio_common_all.o)
 .text          0x00000000        0x0 .pio\build\nucleo_f446re\libFrameworkLibOpenCM3.a(gpio_common_f0234.o)
 .data          0x00000000        0x0 .pio\build\nucleo_f446re\libFrameworkLibOpenCM3.a(gpio_common_f0234.o)
 .bss           0x00000000        0x0 .pio\build\nucleo_f446re\libFrameworkLibOpenCM3.a(gpio_common_f0234.o)
 .text          0x00000000        0x0 .pio\build\nucleo_f446re\libFrameworkLibOpenCM3.a(rcc_common_all.o)
 .data          0x00000000        0x0 .pio\build\nucleo_f446re\libFrameworkLibOpenCM3.a(rcc_common_all.o)
 .bss           0x00000000        0x0 .pio\build\nucleo_f446re\libFrameworkLibOpenCM3.a(rcc_common_all.o)
 .text.rcc_peripheral_enable_clock
                0x00000000        0x8 .pio\build\nucleo_f446re\libFrameworkLibOpenCM3.a(rcc_common_all.o)
 .text.rcc_peripheral_disable_clock
                0x00000000        0xa .pio\build\nucleo_f446re\libFrameworkLibOpenCM3.a(rcc_common_all.o)
 .text.rcc_peripheral_reset
                0x00000000        0x8 .pio\build\nucleo_f446re\libFrameworkLibOpenCM3.a(rcc_common_all.o)
 .text.rcc_peripheral_clear_reset
                0x00000000        0xa .pio\build\nucleo_f446re\libFrameworkLibOpenCM3.a(rcc_common_all.o)
 .text.rcc_periph_clock_disable
                0x00000000       0x1e .pio\build\nucleo_f446re\libFrameworkLibOpenCM3.a(rcc_common_all.o)
 .text.rcc_periph_reset_hold
                0x00000000       0x1a .pio\build\nucleo_f446re\libFrameworkLibOpenCM3.a(rcc_common_all.o)
 .text.rcc_periph_reset_release
                0x00000000       0x1e .pio\build\nucleo_f446re\libFrameworkLibOpenCM3.a(rcc_common_all.o)
 .text.rcc_set_mco
                0x00000000       0x14 .pio\build\nucleo_f446re\libFrameworkLibOpenCM3.a(rcc_common_all.o)
 .text.rcc_osc_bypass_enable
                0x00000000       0x28 .pio\build\nucleo_f446re\libFrameworkLibOpenCM3.a(rcc_common_all.o)
 .text.rcc_osc_bypass_disable
                0x00000000       0x28 .pio\build\nucleo_f446re\libFrameworkLibOpenCM3.a(rcc_common_all.o)
 .text          0x00000000        0x0 .pio\build\nucleo_f446re\libFrameworkLibOpenCM3.a(rcc.o)
 .data          0x00000000        0x0 .pio\build\nucleo_f446re\libFrameworkLibOpenCM3.a(rcc.o)
 .bss           0x00000000        0x0 .pio\build\nucleo_f446re\libFrameworkLibOpenCM3.a(rcc.o)
 .text.rcc_osc_ready_int_clear
                0x00000000       0x5c .pio\build\nucleo_f446re\libFrameworkLibOpenCM3.a(rcc.o)
 .text.rcc_osc_ready_int_enable
                0x00000000       0x5c .pio\build\nucleo_f446re\libFrameworkLibOpenCM3.a(rcc.o)
 .text.rcc_osc_ready_int_disable
                0x00000000       0x5c .pio\build\nucleo_f446re\libFrameworkLibOpenCM3.a(rcc.o)
 .text.rcc_osc_ready_int_flag
                0x00000000       0x60 .pio\build\nucleo_f446re\libFrameworkLibOpenCM3.a(rcc.o)
 .text.rcc_css_int_clear
                0x00000000       0x10 .pio\build\nucleo_f446re\libFrameworkLibOpenCM3.a(rcc.o)
 .text.rcc_css_int_flag
                0x00000000       0x10 .pio\build\nucleo_f446re\libFrameworkLibOpenCM3.a(rcc.o)
 .text.rcc_wait_for_sysclk_status
                0x00000000       0x38 .pio\build\nucleo_f446re\libFrameworkLibOpenCM3.a(rcc.o)
 .text.rcc_css_enable
                0x00000000       0x10 .pio\build\nucleo_f446re\libFrameworkLibOpenCM3.a(rcc.o)
 .text.rcc_css_disable
                0x00000000       0x10 .pio\build\nucleo_f446re\libFrameworkLibOpenCM3.a(rcc.o)
 .text.rcc_plli2s_config
                0x00000000       0x1c .pio\build\nucleo_f446re\libFrameworkLibOpenCM3.a(rcc.o)
 .text.rcc_pllsai_config
                0x00000000       0x2c .pio\build\nucleo_f446re\libFrameworkLibOpenCM3.a(rcc.o)
 .text.rcc_pllsai_postscalers
                0x00000000       0x24 .pio\build\nucleo_f446re\libFrameworkLibOpenCM3.a(rcc.o)
 .text.rcc_set_pll_source
                0x00000000       0x14 .pio\build\nucleo_f446re\libFrameworkLibOpenCM3.a(rcc.o)
 .text.rcc_set_rtcpre
                0x00000000       0x14 .pio\build\nucleo_f446re\libFrameworkLibOpenCM3.a(rcc.o)
 .text.rcc_system_clock_source
                0x00000000       0x10 .pio\build\nucleo_f446re\libFrameworkLibOpenCM3.a(rcc.o)
 .text.rcc_clock_setup_hse_3v3
                0x00000000        0x4 .pio\build\nucleo_f446re\libFrameworkLibOpenCM3.a(rcc.o)
 .rodata.rcc_hse_12mhz_3v3
                0x00000000       0x54 .pio\build\nucleo_f446re\libFrameworkLibOpenCM3.a(rcc.o)
 .rodata.rcc_hse_16mhz_3v3
                0x00000000       0x54 .pio\build\nucleo_f446re\libFrameworkLibOpenCM3.a(rcc.o)
 .rodata.rcc_hse_25mhz_3v3
                0x00000000       0x54 .pio\build\nucleo_f446re\libFrameworkLibOpenCM3.a(rcc.o)
 .rodata.rcc_hsi_configs
                0x00000000       0x54 .pio\build\nucleo_f446re\libFrameworkLibOpenCM3.a(rcc.o)
 .text          0x00000000        0x0 .pio\build\nucleo_f446re\libFrameworkLibOpenCM3.a(usart_common_all.o)
 .data          0x00000000        0x0 .pio\build\nucleo_f446re\libFrameworkLibOpenCM3.a(usart_common_all.o)
 .bss           0x00000000        0x0 .pio\build\nucleo_f446re\libFrameworkLibOpenCM3.a(usart_common_all.o)
 .text.usart_disable
                0x00000000        0xa .pio\build\nucleo_f446re\libFrameworkLibOpenCM3.a(usart_common_all.o)
 .text.usart_send_blocking
                0x00000000       0x16 .pio\build\nucleo_f446re\libFrameworkLibOpenCM3.a(usart_common_all.o)
 .text.usart_recv_blocking
                0x00000000       0x12 .pio\build\nucleo_f446re\libFrameworkLibOpenCM3.a(usart_common_all.o)
 .text.usart_enable_rx_dma
                0x00000000        0xa .pio\build\nucleo_f446re\libFrameworkLibOpenCM3.a(usart_common_all.o)
 .text.usart_disable_rx_dma
                0x00000000        0xa .pio\build\nucleo_f446re\libFrameworkLibOpenCM3.a(usart_common_all.o)
 .text.usart_enable_tx_dma
                0x00000000        0xa .pio\build\nucleo_f446re\libFrameworkLibOpenCM3.a(usart_common_all.o)
 .text.usart_disable_tx_dma
                0x00000000        0xa .pio\build\nucleo_f446re\libFrameworkLibOpenCM3.a(usart_common_all.o)
 .text.usart_disable_rx_interrupt
                0x00000000        0xa .pio\build\nucleo_f446re\libFrameworkLibOpenCM3.a(usart_common_all.o)
 .text.usart_enable_error_interrupt
                0x00000000        0xa .pio\build\nucleo_f446re\libFrameworkLibOpenCM3.a(usart_common_all.o)
 .text.usart_disable_error_interrupt
                0x00000000        0xa .pio\build\nucleo_f446re\libFrameworkLibOpenCM3.a(usart_common_all.o)
 .text          0x00000000        0x0 .pio\build\nucleo_f446re\libFrameworkLibOpenCM3.a(usart_common_f124.o)
 .data          0x00000000        0x0 .pio\build\nucleo_f446re\libFrameworkLibOpenCM3.a(usart_common_f124.o)
 .bss           0x00000000        0x0 .pio\build\nucleo_f446re\libFrameworkLibOpenCM3.a(usart_common_f124.o)
 .text.usart_wait_send_ready
                0x00000000        0x8 .pio\build\nucleo_f446re\libFrameworkLibOpenCM3.a(usart_common_f124.o)
 .text.usart_wait_recv_ready
                0x00000000        0x8 .pio\build\nucleo_f446re\libFrameworkLibOpenCM3.a(usart_common_f124.o)
 .text.usart_get_flag
                0x00000000        0xc .pio\build\nucleo_f446re\libFrameworkLibOpenCM3.a(usart_common_f124.o)
 .text          0x00000000        0x0 .pio\build\nucleo_f446re\libFrameworkLibOpenCM3.a(vector.o)
 .data          0x00000000        0x0 .pio\build\nucleo_f446re\libFrameworkLibOpenCM3.a(vector.o)
 .bss           0x00000000        0x0 .pio\build\nucleo_f446re\libFrameworkLibOpenCM3.a(vector.o)
 .text          0x00000000        0x0 .pio\build\nucleo_f446re\libFrameworkLibOpenCM3.a(systick.o)
 .data          0x00000000        0x0 .pio\build\nucleo_f446re\libFrameworkLibOpenCM3.a(systick.o)
 .bss           0x00000000        0x0 .pio\build\nucleo_f446re\libFrameworkLibOpenCM3.a(systick.o)
 .text.systick_get_reload
                0x00000000       0x10 .pio\build\nucleo_f446re\libFrameworkLibOpenCM3.a(systick.o)
 .text.systick_get_value
                0x00000000       0x10 .pio\build\nucleo_f446re\libFrameworkLibOpenCM3.a(systick.o)
 .text.systick_set_frequency
                0x00000000       0x3c .pio\build\nucleo_f446re\libFrameworkLibOpenCM3.a(systick.o)
 .text.systick_interrupt_disable
                0x00000000       0x10 .pio\build\nucleo_f446re\libFrameworkLibOpenCM3.a(systick.o)
 .text.systick_counter_disable
                0x00000000       0x10 .pio\build\nucleo_f446re\libFrameworkLibOpenCM3.a(systick.o)
 .text.systick_get_countflag
                0x00000000       0x10 .pio\build\nucleo_f446re\libFrameworkLibOpenCM3.a(systick.o)
 .text.systick_clear
                0x00000000        0xc .pio\build\nucleo_f446re\libFrameworkLibOpenCM3.a(systick.o)
 .text.systick_get_calib
                0x00000000       0x10 .pio\build\nucleo_f446re\libFrameworkLibOpenCM3.a(systick.o)
 .text          0x00000000        0x0 .pio\build\nucleo_f446re\libFrameworkLibOpenCM3.a(nvic.o)
 .data          0x00000000        0x0 .pio\build\nucleo_f446re\libFrameworkLibOpenCM3.a(nvic.o)
 .bss           0x00000000        0x0 .pio\build\nucleo_f446re\libFrameworkLibOpenCM3.a(nvic.o)
 .text.nvic_disable_irq
                0x00000000       0x1c .pio\build\nucleo_f446re\libFrameworkLibOpenCM3.a(nvic.o)
 .text.nvic_get_pending_irq
                0x00000000       0x24 .pio\build\nucleo_f446re\libFrameworkLibOpenCM3.a(nvic.o)
 .text.nvic_set_pending_irq
                0x00000000       0x1c .pio\build\nucleo_f446re\libFrameworkLibOpenCM3.a(nvic.o)
 .text.nvic_clear_pending_irq
                0x00000000       0x1c .pio\build\nucleo_f446re\libFrameworkLibOpenCM3.a(nvic.o)
 .text.nvic_get_irq_enabled
                0x00000000       0x24 .pio\build\nucleo_f446re\libFrameworkLibOpenCM3.a(nvic.o)
 .text.nvic_get_active_irq
                0x00000000       0x24 .pio\build\nucleo_f446re\libFrameworkLibOpenCM3.a(nvic.o)
 .text.nvic_generate_software_interrupt
                0x00000000       0x14 .pio\build\nucleo_f446re\libFrameworkLibOpenCM3.a(nvic.o)
 .text          0x00000000        0x0 .pio\build\nucleo_f446re\libFrameworkLibOpenCM3.a(flash_common_all.o)
 .data          0x00000000        0x0 .pio\build\nucleo_f446re\libFrameworkLibOpenCM3.a(flash_common_all.o)
 .bss           0x00000000        0x0 .pio\build\nucleo_f446re\libFrameworkLibOpenCM3.a(flash_common_all.o)
 .text.flash_prefetch_enable
                0x00000000       0x10 .pio\build\nucleo_f446re\libFrameworkLibOpenCM3.a(flash_common_all.o)
 .text.flash_prefetch_disable
                0x00000000       0x10 .pio\build\nucleo_f446re\libFrameworkLibOpenCM3.a(flash_common_all.o)
 .text.flash_unlock_option_bytes
                0x00000000       0x18 .pio\build\nucleo_f446re\libFrameworkLibOpenCM3.a(flash_common_all.o)
 .text          0x00000000        0x0 .pio\build\nucleo_f446re\libFrameworkLibOpenCM3.a(flash_common_idcache.o)
 .data          0x00000000        0x0 .pio\build\nucleo_f446re\libFrameworkLibOpenCM3.a(flash_common_idcache.o)
 .bss           0x00000000        0x0 .pio\build\nucleo_f446re\libFrameworkLibOpenCM3.a(flash_common_idcache.o)
 .text.flash_dcache_reset
                0x00000000       0x10 .pio\build\nucleo_f446re\libFrameworkLibOpenCM3.a(flash_common_idcache.o)
 .text.flash_icache_reset
                0x00000000       0x10 .pio\build\nucleo_f446re\libFrameworkLibOpenCM3.a(flash_common_idcache.o)
 .text          0x00000000        0x0 .pio\build\nucleo_f446re\libFrameworkLibOpenCM3.a(pwr.o)
 .data          0x00000000        0x0 .pio\build\nucleo_f446re\libFrameworkLibOpenCM3.a(pwr.o)
 .bss           0x00000000        0x0 .pio\build\nucleo_f446re\libFrameworkLibOpenCM3.a(pwr.o)

Memory Configuration

Name             Origin             Length             Attributes
rom              0x20000000         0x00018000         xr
ram              0x20018000         0x00008000         xrw
*default*        0x00000000         0xffffffff

Linker script and memory map

LOAD .pio\build\nucleo_f446re\src\buzz.o
LOAD .pio\build\nucleo_f446re\src\can2.o
LOAD .pio\build\nucleo_f446re\src\stm32f4-slcan.o
LOAD .pio\build\nucleo_f446re\src\usart2.o
LOAD .pio\build\nucleo_f446re\src\utils.o
START GROUP
LOAD c:/users/pc103/.platformio/packages/toolchain-gccarmnoneeabi/bin/../lib/gcc/arm-none-eabi/7.2.1/../../../../arm-none-eabi/lib/thumb/v7e-m/fpv4-sp/hard\libc_nano.a
LOAD c:/users/pc103/.platformio/packages/toolchain-gccarmnoneeabi/bin/../lib/gcc/arm-none-eabi/7.2.1/thumb/v7e-m/fpv4-sp/hard\libgcc.a
LOAD c:/users/pc103/.platformio/packages/toolchain-gccarmnoneeabi/bin/../lib/gcc/arm-none-eabi/7.2.1/../../../../arm-none-eabi/lib/thumb/v7e-m/fpv4-sp/hard\libm.a
LOAD c:/users/pc103/.platformio/packages/toolchain-gccarmnoneeabi/bin/../lib/gcc/arm-none-eabi/7.2.1/../../../../arm-none-eabi/lib/thumb/v7e-m/fpv4-sp/hard\libstdc++_nano.a
LOAD c:/users/pc103/.platformio/packages/toolchain-gccarmnoneeabi/bin/../lib/gcc/arm-none-eabi/7.2.1/../../../../arm-none-eabi/lib/thumb/v7e-m/fpv4-sp/hard\libnosys.a
LOAD .pio\build\nucleo_f446re\libFrameworkLibOpenCM3.a
END GROUP
START GROUP
LOAD c:/users/pc103/.platformio/packages/toolchain-gccarmnoneeabi/bin/../lib/gcc/arm-none-eabi/7.2.1/thumb/v7e-m/fpv4-sp/hard\libgcc.a
LOAD c:/users/pc103/.platformio/packages/toolchain-gccarmnoneeabi/bin/../lib/gcc/arm-none-eabi/7.2.1/../../../../arm-none-eabi/lib/thumb/v7e-m/fpv4-sp/hard\libc_nano.a
END GROUP
START GROUP
LOAD c:/users/pc103/.platformio/packages/toolchain-gccarmnoneeabi/bin/../lib/gcc/arm-none-eabi/7.2.1/thumb/v7e-m/fpv4-sp/hard\libgcc.a
LOAD c:/users/pc103/.platformio/packages/toolchain-gccarmnoneeabi/bin/../lib/gcc/arm-none-eabi/7.2.1/../../../../arm-none-eabi/lib/thumb/v7e-m/fpv4-sp/hard\libc_nano.a
LOAD c:/users/pc103/.platformio/packages/toolchain-gccarmnoneeabi/bin/../lib/gcc/arm-none-eabi/7.2.1/../../../../arm-none-eabi/lib/thumb/v7e-m/fpv4-sp/hard\libnosys.a
END GROUP
START GROUP
LOAD c:/users/pc103/.platformio/packages/toolchain-gccarmnoneeabi/bin/../lib/gcc/arm-none-eabi/7.2.1/thumb/v7e-m/fpv4-sp/hard\libgcc.a
LOAD c:/users/pc103/.platformio/packages/toolchain-gccarmnoneeabi/bin/../lib/gcc/arm-none-eabi/7.2.1/../../../../arm-none-eabi/lib/thumb/v7e-m/fpv4-sp/hard\libc_nano.a
LOAD c:/users/pc103/.platformio/packages/toolchain-gccarmnoneeabi/bin/../lib/gcc/arm-none-eabi/7.2.1/../../../../arm-none-eabi/lib/thumb/v7e-m/fpv4-sp/hard\libnosys.a
END GROUP

.text           0x20000000     0x1388
 *(.vectors)
 .vectors       0x20000000      0x1ac .pio\build\nucleo_f446re\libFrameworkLibOpenCM3.a(vector.o)
                0x20000000                vector_table
 *(.text*)
 .text.init_buzzer
                0x200001ac        0x2 .pio\build\nucleo_f446re\src\buzz.o
                0x200001ac                init_buzzer
 *fill*         0x200001ae        0x2 
 .text.can_speed
                0x200001b0       0xac .pio\build\nucleo_f446re\src\can2.o
                0x200001b0                can_speed
 .text.can_setup
                0x2000025c       0xf0 .pio\build\nucleo_f446re\src\can2.o
                0x2000025c                can_setup
 .text.put_hex  0x2000034c       0x20 .pio\build\nucleo_f446re\src\stm32f4-slcan.o
 .text.get_nibbles
                0x2000036c       0x20 .pio\build\nucleo_f446re\src\stm32f4-slcan.o
 .text.sys_tick_handler
                0x2000038c       0x10 .pio\build\nucleo_f446re\src\stm32f4-slcan.o
                0x2000038c                sys_tick_handler
 .text.wait1ms  0x2000039c       0x14 .pio\build\nucleo_f446re\src\stm32f4-slcan.o
                0x2000039c                wait1ms
 .text.can2_rx1_isr
                0x200003b0       0x4c .pio\build\nucleo_f446re\src\stm32f4-slcan.o
                0x200003b0                can2_rx1_isr
 .text.can2_rx0_isr
                0x200003fc       0xd8 .pio\build\nucleo_f446re\src\stm32f4-slcan.o
                0x200003fc                can2_rx0_isr
 .text.startup.main
                0x200004d4      0x1e8 .pio\build\nucleo_f446re\src\stm32f4-slcan.o
                0x200004d4                main
 .text._push_tx
                0x200006bc       0x50 .pio\build\nucleo_f446re\src\usart2.o
 .text.intr_USART2_rx
                0x2000070c       0x6c .pio\build\nucleo_f446re\src\usart2.o
                0x2000070c                intr_USART2_rx
 .text.intr_USART2_tx
                0x20000778       0x58 .pio\build\nucleo_f446re\src\usart2.o
                0x20000778                intr_USART2_tx
 .text.usart2_isr
                0x200007d0        0xe .pio\build\nucleo_f446re\src\usart2.o
                0x200007d0                usart2_isr
 *fill*         0x200007de        0x2 
 .text.getcSIO2
                0x200007e0       0x50 .pio\build\nucleo_f446re\src\usart2.o
                0x200007e0                getcSIO2
 .text.getcSIO2b
                0x20000830        0xe .pio\build\nucleo_f446re\src\usart2.o
                0x20000830                getcSIO2b
 .text.putcSIO2
                0x2000083e        0x4 .pio\build\nucleo_f446re\src\usart2.o
                0x2000083e                putcSIO2
 *fill*         0x20000842        0x2 
 .text.init_usart2
                0x20000844       0xc4 .pio\build\nucleo_f446re\src\usart2.o
                0x20000844                init_usart2
 .text.bin2hex  0x20000908       0x24 .pio\build\nucleo_f446re\src\utils.o
                0x20000908                bin2hex
 .text.nibble2bin
                0x2000092c       0x1a .pio\build\nucleo_f446re\src\utils.o
                0x2000092c                nibble2bin
 *fill*         0x20000946        0x2 
 .text.can_reset
                0x20000948       0x18 .pio\build\nucleo_f446re\libFrameworkLibOpenCM3.a(can.o)
                0x20000948                can_reset
 .text.can_init
                0x20000960      0x12a .pio\build\nucleo_f446re\libFrameworkLibOpenCM3.a(can.o)
                0x20000960                can_init
 *fill*         0x20000a8a        0x2 
 .text.can_filter_init
                0x20000a8c       0x98 .pio\build\nucleo_f446re\libFrameworkLibOpenCM3.a(can.o)
                0x20000a8c                can_filter_init
 .text.can_filter_id_mask_32bit_init
                0x20000b24       0x1a .pio\build\nucleo_f446re\libFrameworkLibOpenCM3.a(can.o)
                0x20000b24                can_filter_id_mask_32bit_init
 .text.can_enable_irq
                0x20000b3e        0x8 .pio\build\nucleo_f446re\libFrameworkLibOpenCM3.a(can.o)
                0x20000b3e                can_enable_irq
 .text.can_transmit
                0x20000b46       0xca .pio\build\nucleo_f446re\libFrameworkLibOpenCM3.a(can.o)
                0x20000b46                can_transmit
 .text.can_fifo_release
                0x20000c10       0x16 .pio\build\nucleo_f446re\libFrameworkLibOpenCM3.a(can.o)
                0x20000c10                can_fifo_release
 .text.can_receive
                0x20000c26       0xb2 .pio\build\nucleo_f446re\libFrameworkLibOpenCM3.a(can.o)
                0x20000c26                can_receive
 .text.can_available_mailbox
                0x20000cd8        0xe .pio\build\nucleo_f446re\libFrameworkLibOpenCM3.a(can.o)
                0x20000cd8                can_available_mailbox
 .text.gpio_set
                0x20000ce6        0x4 .pio\build\nucleo_f446re\libFrameworkLibOpenCM3.a(gpio_common_all.o)
                0x20000ce6                gpio_set
 .text.gpio_clear
                0x20000cea        0x6 .pio\build\nucleo_f446re\libFrameworkLibOpenCM3.a(gpio_common_all.o)
                0x20000cea                gpio_clear
 .text.gpio_toggle
                0x20000cf0       0x12 .pio\build\nucleo_f446re\libFrameworkLibOpenCM3.a(gpio_common_all.o)
                0x20000cf0                gpio_toggle
 .text.gpio_mode_setup
                0x20000d02       0x44 .pio\build\nucleo_f446re\libFrameworkLibOpenCM3.a(gpio_common_f0234.o)
                0x20000d02                gpio_mode_setup
 .text.gpio_set_output_options
                0x20000d46       0x36 .pio\build\nucleo_f446re\libFrameworkLibOpenCM3.a(gpio_common_f0234.o)
                0x20000d46                gpio_set_output_options
 .text.gpio_set_af
                0x20000d7c       0x58 .pio\build\nucleo_f446re\libFrameworkLibOpenCM3.a(gpio_common_f0234.o)
                0x20000d7c                gpio_set_af
 .text.rcc_periph_clock_enable
                0x20000dd4       0x1a .pio\build\nucleo_f446re\libFrameworkLibOpenCM3.a(rcc_common_all.o)
                0x20000dd4                rcc_periph_clock_enable
 .text.rcc_periph_reset_pulse
                0x20000dee       0x22 .pio\build\nucleo_f446re\libFrameworkLibOpenCM3.a(rcc_common_all.o)
                0x20000dee                rcc_periph_reset_pulse
 .text.rcc_is_osc_ready
                0x20000e10       0x5c .pio\build\nucleo_f446re\libFrameworkLibOpenCM3.a(rcc.o)
                0x20000e10                rcc_is_osc_ready
 .text.rcc_wait_for_osc_ready
                0x20000e6c       0x10 .pio\build\nucleo_f446re\libFrameworkLibOpenCM3.a(rcc.o)
                0x20000e6c                rcc_wait_for_osc_ready
 .text.rcc_osc_on
                0x20000e7c       0x58 .pio\build\nucleo_f446re\libFrameworkLibOpenCM3.a(rcc.o)
                0x20000e7c                rcc_osc_on
 .text.rcc_osc_off
                0x20000ed4       0x58 .pio\build\nucleo_f446re\libFrameworkLibOpenCM3.a(rcc.o)
                0x20000ed4                rcc_osc_off
 .text.rcc_set_sysclk_source
                0x20000f2c       0x14 .pio\build\nucleo_f446re\libFrameworkLibOpenCM3.a(rcc.o)
                0x20000f2c                rcc_set_sysclk_source
 .text.rcc_set_ppre2
                0x20000f40       0x14 .pio\build\nucleo_f446re\libFrameworkLibOpenCM3.a(rcc.o)
                0x20000f40                rcc_set_ppre2
 .text.rcc_set_ppre1
                0x20000f54       0x14 .pio\build\nucleo_f446re\libFrameworkLibOpenCM3.a(rcc.o)
                0x20000f54                rcc_set_ppre1
 .text.rcc_set_hpre
                0x20000f68       0x14 .pio\build\nucleo_f446re\libFrameworkLibOpenCM3.a(rcc.o)
                0x20000f68                rcc_set_hpre
 .text.rcc_set_main_pll_hsi
                0x20000f7c       0x44 .pio\build\nucleo_f446re\libFrameworkLibOpenCM3.a(rcc.o)
                0x20000f7c                rcc_set_main_pll_hsi
 .text.rcc_set_main_pll_hse
                0x20000fc0       0x44 .pio\build\nucleo_f446re\libFrameworkLibOpenCM3.a(rcc.o)
                0x20000fc0                rcc_set_main_pll_hse
 .text.rcc_clock_setup_pll
                0x20001004       0xf4 .pio\build\nucleo_f446re\libFrameworkLibOpenCM3.a(rcc.o)
                0x20001004                rcc_clock_setup_pll
 .text.usart_set_baudrate
                0x200010f8       0x2c .pio\build\nucleo_f446re\libFrameworkLibOpenCM3.a(usart_common_all.o)
                0x200010f8                usart_set_baudrate
 .text.usart_set_databits
                0x20001124       0x12 .pio\build\nucleo_f446re\libFrameworkLibOpenCM3.a(usart_common_all.o)
                0x20001124                usart_set_databits
 .text.usart_set_stopbits
                0x20001136        0xc .pio\build\nucleo_f446re\libFrameworkLibOpenCM3.a(usart_common_all.o)
                0x20001136                usart_set_stopbits
 .text.usart_set_parity
                0x20001142        0xc .pio\build\nucleo_f446re\libFrameworkLibOpenCM3.a(usart_common_all.o)
                0x20001142                usart_set_parity
 .text.usart_set_mode
                0x2000114e        0xc .pio\build\nucleo_f446re\libFrameworkLibOpenCM3.a(usart_common_all.o)
                0x2000114e                usart_set_mode
 .text.usart_set_flow_control
                0x2000115a        0xc .pio\build\nucleo_f446re\libFrameworkLibOpenCM3.a(usart_common_all.o)
                0x2000115a                usart_set_flow_control
 .text.usart_enable
                0x20001166        0xa .pio\build\nucleo_f446re\libFrameworkLibOpenCM3.a(usart_common_all.o)
                0x20001166                usart_enable
 .text.usart_enable_rx_interrupt
                0x20001170        0xa .pio\build\nucleo_f446re\libFrameworkLibOpenCM3.a(usart_common_all.o)
                0x20001170                usart_enable_rx_interrupt
 .text.usart_enable_tx_interrupt
                0x2000117a        0xa .pio\build\nucleo_f446re\libFrameworkLibOpenCM3.a(usart_common_all.o)
                0x2000117a                usart_enable_tx_interrupt
 .text.usart_disable_tx_interrupt
                0x20001184        0xa .pio\build\nucleo_f446re\libFrameworkLibOpenCM3.a(usart_common_all.o)
                0x20001184                usart_disable_tx_interrupt
 .text.usart_send
                0x2000118e        0x8 .pio\build\nucleo_f446re\libFrameworkLibOpenCM3.a(usart_common_f124.o)
                0x2000118e                usart_send
 .text.usart_recv
                0x20001196        0x8 .pio\build\nucleo_f446re\libFrameworkLibOpenCM3.a(usart_common_f124.o)
                0x20001196                usart_recv
 .text.blocking_handler
                0x2000119e        0x2 .pio\build\nucleo_f446re\libFrameworkLibOpenCM3.a(vector.o)
                0x2000119e                dma2_stream1_isr
                0x2000119e                tim8_brk_tim12_isr
                0x2000119e                dma1_stream7_isr
                0x2000119e                usart3_isr
                0x2000119e                tim7_isr
                0x2000119e                dma2d_isr
                0x2000119e                uart8_isr
                0x2000119e                dma1_stream2_isr
                0x2000119e                otg_hs_isr
                0x2000119e                blocking_handler
                0x2000119e                tim5_isr
                0x2000119e                rtc_wkup_isr
                0x2000119e                otg_fs_isr
                0x2000119e                spi1_isr
                0x2000119e                i2c3_er_isr
                0x2000119e                exti2_isr
                0x2000119e                spi5_isr
                0x2000119e                usb_fs_wkup_isr
                0x2000119e                tamp_stamp_isr
                0x2000119e                can1_rx1_isr
                0x2000119e                dma2_stream0_isr
                0x2000119e                usart1_isr
                0x2000119e                i2c3_ev_isr
                0x2000119e                usage_fault_handler
                0x2000119e                dma1_stream6_isr
                0x2000119e                can1_sce_isr
                0x2000119e                tim1_cc_isr
                0x2000119e                can1_tx_isr
                0x2000119e                tim1_up_tim10_isr
                0x2000119e                sdio_isr
                0x2000119e                eth_isr
                0x2000119e                spi6_isr
                0x2000119e                dma2_stream5_isr
                0x2000119e                pvd_isr
                0x2000119e                can1_rx0_isr
                0x2000119e                rcc_isr
                0x2000119e                dma2_stream3_isr
                0x2000119e                flash_isr
                0x2000119e                uart4_isr
                0x2000119e                lcd_tft_isr
                0x2000119e                rtc_alarm_isr
                0x2000119e                exti15_10_isr
                0x2000119e                hash_rng_isr
                0x2000119e                tim1_trg_com_tim11_isr
                0x2000119e                hard_fault_handler
                0x2000119e                exti1_isr
                0x2000119e                i2c1_ev_isr
                0x2000119e                usart6_isr
                0x2000119e                spi2_isr
                0x2000119e                cryp_isr
                0x2000119e                nvic_wwdg_isr
                0x2000119e                dma1_stream1_isr
                0x2000119e                dma2_stream4_isr
                0x2000119e                exti3_isr
                0x2000119e                tim3_isr
                0x2000119e                sai1_isr
                0x2000119e                fpu_isr
                0x2000119e                dma1_stream4_isr
                0x2000119e                i2c2_er_isr
                0x2000119e                i2c2_ev_isr
                0x2000119e                uart5_isr
                0x2000119e                dma2_stream6_isr
                0x2000119e                spi4_isr
                0x2000119e                adc_isr
                0x2000119e                dma2_stream7_isr
                0x2000119e                tim8_up_tim13_isr
                0x2000119e                fsmc_isr
                0x2000119e                exti4_isr
                0x2000119e                tim6_dac_isr
                0x2000119e                dma1_stream3_isr
                0x2000119e                tim8_trg_com_tim14_isr
                0x2000119e                mem_manage_handler
                0x2000119e                lcd_tft_err_isr
                0x2000119e                can2_tx_isr
                0x2000119e                exti9_5_isr
                0x2000119e                tim1_brk_tim9_isr
                0x2000119e                uart7_isr
                0x2000119e                can2_sce_isr
                0x2000119e                tim4_isr
                0x2000119e                otg_hs_wkup_isr
                0x2000119e                i2c1_er_isr
                0x2000119e                dma1_stream0_isr
                0x2000119e                tim8_cc_isr
                0x2000119e                dcmi_isr
                0x2000119e                dma2_stream2_isr
                0x2000119e                eth_wkup_isr
                0x2000119e                bus_fault_handler
                0x2000119e                otg_hs_ep1_out_isr
                0x2000119e                spi3_isr
                0x2000119e                dma1_stream5_isr
                0x2000119e                otg_hs_ep1_in_isr
                0x2000119e                tim2_isr
                0x2000119e                exti0_isr
 .text.null_handler
                0x200011a0        0x2 .pio\build\nucleo_f446re\libFrameworkLibOpenCM3.a(vector.o)
                0x200011a0                sv_call_handler
                0x200011a0                pend_sv_handler
                0x200011a0                debug_monitor_handler
                0x200011a0                nmi_handler
                0x200011a0                null_handler
 *fill*         0x200011a2        0x2 
 .text.reset_handler
                0x200011a4       0x9c .pio\build\nucleo_f446re\libFrameworkLibOpenCM3.a(vector.o)
                0x200011a4                reset_handler
 .text.systick_set_reload
                0x20001240       0x10 .pio\build\nucleo_f446re\libFrameworkLibOpenCM3.a(systick.o)
                0x20001240                systick_set_reload
 .text.systick_set_clocksource
                0x20001250       0x18 .pio\build\nucleo_f446re\libFrameworkLibOpenCM3.a(systick.o)
                0x20001250                systick_set_clocksource
 .text.systick_interrupt_enable
                0x20001268       0x10 .pio\build\nucleo_f446re\libFrameworkLibOpenCM3.a(systick.o)
                0x20001268                systick_interrupt_enable
 .text.systick_counter_enable
                0x20001278       0x10 .pio\build\nucleo_f446re\libFrameworkLibOpenCM3.a(systick.o)
                0x20001278                systick_counter_enable
 .text.nvic_enable_irq
                0x20001288       0x1c .pio\build\nucleo_f446re\libFrameworkLibOpenCM3.a(nvic.o)
                0x20001288                nvic_enable_irq
 .text.nvic_set_priority
                0x200012a4       0x20 .pio\build\nucleo_f446re\libFrameworkLibOpenCM3.a(nvic.o)
                0x200012a4                nvic_set_priority
 .text.flash_set_ws
                0x200012c4       0x14 .pio\build\nucleo_f446re\libFrameworkLibOpenCM3.a(flash_common_all.o)
                0x200012c4                flash_set_ws
 .text.flash_dcache_enable
                0x200012d8       0x10 .pio\build\nucleo_f446re\libFrameworkLibOpenCM3.a(flash_common_idcache.o)
                0x200012d8                flash_dcache_enable
 .text.flash_dcache_disable
                0x200012e8       0x10 .pio\build\nucleo_f446re\libFrameworkLibOpenCM3.a(flash_common_idcache.o)
                0x200012e8                flash_dcache_disable
 .text.flash_icache_enable
                0x200012f8       0x10 .pio\build\nucleo_f446re\libFrameworkLibOpenCM3.a(flash_common_idcache.o)
                0x200012f8                flash_icache_enable
 .text.flash_icache_disable
                0x20001308       0x10 .pio\build\nucleo_f446re\libFrameworkLibOpenCM3.a(flash_common_idcache.o)
                0x20001308                flash_icache_disable
 .text.pwr_set_vos_scale
                0x20001318       0x18 .pio\build\nucleo_f446re\libFrameworkLibOpenCM3.a(pwr.o)
                0x20001318                pwr_set_vos_scale
                0x20001330                . = ALIGN (0x4)
 *(.rodata*)
 .rodata        0x20001330        0x4 .pio\build\nucleo_f446re\src\can2.o
 .rodata.rcc_hse_8mhz_3v3
                0x20001334       0x54 .pio\build\nucleo_f446re\libFrameworkLibOpenCM3.a(rcc.o)
                0x20001334                rcc_hse_8mhz_3v3
                0x20001388                . = ALIGN (0x4)

.glue_7         0x20001388        0x0
 .glue_7        0x20001388        0x0 linker stubs

.glue_7t        0x20001388        0x0
 .glue_7t       0x20001388        0x0 linker stubs

.vfp11_veneer   0x20001388        0x0
 .vfp11_veneer  0x20001388        0x0 linker stubs

.v4_bx          0x20001388        0x0
 .v4_bx         0x20001388        0x0 linker stubs

.iplt           0x20001388        0x0
 .iplt          0x20001388        0x0 .pio\build\nucleo_f446re\src\can2.o

.rel.dyn        0x20001388        0x0
 .rel.iplt      0x20001388        0x0 .pio\build\nucleo_f446re\src\can2.o

.preinit_array  0x20001388        0x0
                0x20001388                . = ALIGN (0x4)
                0x20001388                __preinit_array_start = .
 *(.preinit_array)
                0x20001388                __preinit_array_end = .

.init_array     0x20001388        0x0
                0x20001388                . = ALIGN (0x4)
                0x20001388                __init_array_start = .
 *(SORT_BY_NAME(.init_array.*))
 *(.init_array)
                0x20001388                __init_array_end = .

.fini_array     0x20001388        0x0
                0x20001388                . = ALIGN (0x4)
                0x20001388                __fini_array_start = .
 *(.fini_array)
 *(SORT_BY_NAME(.fini_array.*))
                0x20001388                __fini_array_end = .

.ARM.extab
 *(.ARM.extab*)

.ARM.exidx      0x20001388        0x0
                0x20001388                __exidx_start = .
 *(.ARM.exidx*)
                0x20001388                __exidx_end = .
                0x20001388                . = ALIGN (0x4)
                0x20001388                _etext = .

.data           0x20018000        0xc load address 0x20001388
                0x20018000                _data = .
 *(.data*)
 .data.rcc_ahb_frequency
                0x20018000        0x4 .pio\build\nucleo_f446re\libFrameworkLibOpenCM3.a(rcc.o)
                0x20018000                rcc_ahb_frequency
 .data.rcc_apb1_frequency
                0x20018004        0x4 .pio\build\nucleo_f446re\libFrameworkLibOpenCM3.a(rcc.o)
                0x20018004                rcc_apb1_frequency
 .data.rcc_apb2_frequency
                0x20018008        0x4 .pio\build\nucleo_f446re\libFrameworkLibOpenCM3.a(rcc.o)
                0x20018008                rcc_apb2_frequency
                0x2001800c                . = ALIGN (0x4)
                0x2001800c                _edata = .
                0x20001388                _data_loadaddr = LOADADDR (.data)

.igot.plt       0x2001800c        0x0 load address 0x20001394
 .igot.plt      0x2001800c        0x0 .pio\build\nucleo_f446re\src\can2.o

.bss            0x2001800c     0x402c load address 0x20001394
 *(.bss*)
 .bss.commands_pending
                0x2001800c        0x1 .pio\build\nucleo_f446re\src\stm32f4-slcan.o
                0x2001800c                commands_pending
 .bss.status    0x2001800d        0x1 .pio\build\nucleo_f446re\src\stm32f4-slcan.o
                0x2001800d                status
 *fill*         0x2001800e        0x2 
 .bss.system_millis
                0x20018010        0x4 .pio\build\nucleo_f446re\src\stm32f4-slcan.o
                0x20018010                system_millis
 .bss.RX_BUFF_AREA
                0x20018014     0x2000 .pio\build\nucleo_f446re\src\usart2.o
 .bss.RX_BUFF_SIZE
                0x2001a014        0x4 .pio\build\nucleo_f446re\src\usart2.o
 .bss.TX_BUFF_AREA
                0x2001a018     0x2000 .pio\build\nucleo_f446re\src\usart2.o
 .bss.TX_BUFF_SIZE
                0x2001c018        0x4 .pio\build\nucleo_f446re\src\usart2.o
 .bss._RxBuf    0x2001c01c        0x4 .pio\build\nucleo_f446re\src\usart2.o
 .bss._RxRp     0x2001c020        0x4 .pio\build\nucleo_f446re\src\usart2.o
 .bss._RxWp     0x2001c024        0x4 .pio\build\nucleo_f446re\src\usart2.o
 .bss._TxBuf    0x2001c028        0x4 .pio\build\nucleo_f446re\src\usart2.o
 .bss._TxRp     0x2001c02c        0x4 .pio\build\nucleo_f446re\src\usart2.o
 .bss._TxWp     0x2001c030        0x4 .pio\build\nucleo_f446re\src\usart2.o
 .bss.sig_break
                0x2001c034        0x4 .pio\build\nucleo_f446re\src\usart2.o
 *(COMMON)
                0x2001c038                . = ALIGN (0x4)
                0x2001c038                _ebss = .

/DISCARD/
 *(.eh_frame)
                0x2001c038                . = ALIGN (0x4)
                0x2001c038                end = .
                0x20020000                PROVIDE (_stack, (ORIGIN (ram) + LENGTH (ram)))
OUTPUT(.pio\build\nucleo_f446re\firmware.elf elf32-littlearm)

.comment        0x00000000       0x7e
 .comment       0x00000000       0x7e .pio\build\nucleo_f446re\src\buzz.o
                                 0x7f (size before relaxing)
 .comment       0x0000007e       0x7f .pio\build\nucleo_f446re\src\can2.o
 .comment       0x0000007e       0x7f .pio\build\nucleo_f446re\src\stm32f4-slcan.o
 .comment       0x0000007e       0x7f .pio\build\nucleo_f446re\src\usart2.o
 .comment       0x0000007e       0x7f .pio\build\nucleo_f446re\src\utils.o
 .comment       0x0000007e       0x7f .pio\build\nucleo_f446re\libFrameworkLibOpenCM3.a(can.o)
 .comment       0x0000007e       0x7f .pio\build\nucleo_f446re\libFrameworkLibOpenCM3.a(gpio_common_all.o)
 .comment       0x0000007e       0x7f .pio\build\nucleo_f446re\libFrameworkLibOpenCM3.a(gpio_common_f0234.o)
 .comment       0x0000007e       0x7f .pio\build\nucleo_f446re\libFrameworkLibOpenCM3.a(rcc_common_all.o)
 .comment       0x0000007e       0x7f .pio\build\nucleo_f446re\libFrameworkLibOpenCM3.a(rcc.o)
 .comment       0x0000007e       0x7f .pio\build\nucleo_f446re\libFrameworkLibOpenCM3.a(usart_common_all.o)
 .comment       0x0000007e       0x7f .pio\build\nucleo_f446re\libFrameworkLibOpenCM3.a(usart_common_f124.o)
 .comment       0x0000007e       0x7f .pio\build\nucleo_f446re\libFrameworkLibOpenCM3.a(vector.o)
 .comment       0x0000007e       0x7f .pio\build\nucleo_f446re\libFrameworkLibOpenCM3.a(systick.o)
 .comment       0x0000007e       0x7f .pio\build\nucleo_f446re\libFrameworkLibOpenCM3.a(nvic.o)
 .comment       0x0000007e       0x7f .pio\build\nucleo_f446re\libFrameworkLibOpenCM3.a(flash_common_all.o)
 .comment       0x0000007e       0x7f .pio\build\nucleo_f446re\libFrameworkLibOpenCM3.a(flash_common_idcache.o)
 .comment       0x0000007e       0x7f .pio\build\nucleo_f446re\libFrameworkLibOpenCM3.a(pwr.o)

.ARM.attributes
                0x00000000       0x37
 .ARM.attributes
                0x00000000       0x39 .pio\build\nucleo_f446re\src\buzz.o
 .ARM.attributes
                0x00000039       0x39 .pio\build\nucleo_f446re\src\can2.o
 .ARM.attributes
                0x00000072       0x39 .pio\build\nucleo_f446re\src\stm32f4-slcan.o
 .ARM.attributes
                0x000000ab       0x39 .pio\build\nucleo_f446re\src\usart2.o
 .ARM.attributes
                0x000000e4       0x39 .pio\build\nucleo_f446re\src\utils.o
 .ARM.attributes
                0x0000011d       0x39 .pio\build\nucleo_f446re\libFrameworkLibOpenCM3.a(can.o)
 .ARM.attributes
                0x00000156       0x39 .pio\build\nucleo_f446re\libFrameworkLibOpenCM3.a(gpio_common_all.o)
 .ARM.attributes
                0x0000018f       0x39 .pio\build\nucleo_f446re\libFrameworkLibOpenCM3.a(gpio_common_f0234.o)
 .ARM.attributes
                0x000001c8       0x39 .pio\build\nucleo_f446re\libFrameworkLibOpenCM3.a(rcc_common_all.o)
 .ARM.attributes
                0x00000201       0x39 .pio\build\nucleo_f446re\libFrameworkLibOpenCM3.a(rcc.o)
 .ARM.attributes
                0x0000023a       0x39 .pio\build\nucleo_f446re\libFrameworkLibOpenCM3.a(usart_common_all.o)
 .ARM.attributes
                0x00000273       0x39 .pio\build\nucleo_f446re\libFrameworkLibOpenCM3.a(usart_common_f124.o)
 .ARM.attributes
                0x000002ac       0x39 .pio\build\nucleo_f446re\libFrameworkLibOpenCM3.a(vector.o)
 .ARM.attributes
                0x000002e5       0x39 .pio\build\nucleo_f446re\libFrameworkLibOpenCM3.a(systick.o)
 .ARM.attributes
                0x0000031e       0x39 .pio\build\nucleo_f446re\libFrameworkLibOpenCM3.a(nvic.o)
 .ARM.attributes
                0x00000357       0x39 .pio\build\nucleo_f446re\libFrameworkLibOpenCM3.a(flash_common_all.o)
 .ARM.attributes
                0x00000390       0x39 .pio\build\nucleo_f446re\libFrameworkLibOpenCM3.a(flash_common_idcache.o)
 .ARM.attributes
                0x000003c9       0x39 .pio\build\nucleo_f446re\libFrameworkLibOpenCM3.a(pwr.o)
